1787 enfrentamiento(s), 5361 aperturas, 300 partidas a ve4 por apertura, teoria hasta 14 plies.
     50/5361  (1s)
    100/5361  (1s)
    150/5361  (2s)
    200/5361  (3s)
    250/5361  (4s)
    300/5361  (6s)
    350/5361  (8s)
    400/5361  (10s)
    450/5361  (12s)
    500/5361  (14s)
    550/5361  (17s)
    600/5361  (19s)
    650/5361  (22s)
    700/5361  (24s)
    750/5361  (27s)
    800/5361  (29s)
    850/5361  (31s)
    900/5361  (34s)
    950/5361  (37s)
   1000/5361  (39s)
   1050/5361  (42s)
   1100/5361  (44s)
   1150/5361  (46s)
   1200/5361  (49s)
   1250/5361  (51s)
   1300/5361  (54s)
   1350/5361  (57s)
   1400/5361  (60s)
   1450/5361  (63s)
   1500/5361  (65s)
   1550/5361  (68s)
   1600/5361  (71s)
   1650/5361  (74s)
   1700/5361  (77s)
   1750/5361  (80s)
   1800/5361  (83s)
   1850/5361  (85s)
   1900/5361  (88s)
   1950/5361  (91s)
   2000/5361  (94s)
   2050/5361  (96s)
   2100/5361  (98s)
   2150/5361  (101s)
   2200/5361  (104s)
   2250/5361  (106s)
   2300/5361  (109s)
   2350/5361  (111s)
   2400/5361  (114s)
   2450/5361  (116s)
   2500/5361  (119s)
   2550/5361  (122s)
   2600/5361  (125s)
   2650/5361  (127s)
   2700/5361  (130s)
   2750/5361  (133s)
   2800/5361  (135s)
   2850/5361  (137s)
   2900/5361  (140s)
   2950/5361  (143s)
   3000/5361  (145s)
   3050/5361  (148s)
   3100/5361  (151s)
   3150/5361  (154s)
   3200/5361  (157s)
   3250/5361  (160s)
   3300/5361  (163s)
   3350/5361  (165s)
   3400/5361  (168s)
   3450/5361  (171s)
   3500/5361  (174s)
   3550/5361  (177s)
   3600/5361  (180s)
   3650/5361  (182s)
   3700/5361  (185s)
   3750/5361  (188s)
   3800/5361  (191s)
   3850/5361  (194s)
   3900/5361  (197s)
   3950/5361  (199s)
   4000/5361  (202s)
   4050/5361  (205s)
   4100/5361  (207s)
   4150/5361  (210s)
   4200/5361  (213s)
   4250/5361  (216s)
   4300/5361  (219s)
   4350/5361  (221s)
   4400/5361  (224s)
   4450/5361  (227s)
   4500/5361  (229s)
   4550/5361  (232s)
   4600/5361  (235s)
   4650/5361  (237s)
   4700/5361  (240s)
   4750/5361  (243s)
   4800/5361  (246s)
   4850/5361  (249s)
   4900/5361  (252s)
   4950/5361  (255s)
   5000/5361  (257s)
   5050/5361  (260s)
   5100/5361  (263s)
   5150/5361  (266s)
   5200/5361  (268s)
   5250/5361  (270s)
   5300/5361  (272s)
   5350/5361  (277s)
   5361/5361  (279s)
Escrito apc_asc.csv (5361 filas) y apc_asc_resumen.csv (1787 filas), 279s
