Barriendo 15,876 enfrentamientos, hasta 16 plies, 30000 ms cada uno.
Hilos: 8
      25/15876  (0s)
      50/15876  (0s)
      75/15876  (0s)
     100/15876  (0s)
     125/15876  (0s)
     150/15876  (1s)
     175/15876  (1s)
     200/15876  (1s)
     225/15876  (1s)
     250/15876  (1s)
     275/15876  (1s)
     300/15876  (1s)
     325/15876  (1s)
     350/15876  (1s)
     375/15876  (1s)
     400/15876  (1s)
     425/15876  (2s)
     450/15876  (2s)
     475/15876  (2s)
     500/15876  (2s)
     525/15876  (2s)
     550/15876  (2s)
     575/15876  (2s)
     600/15876  (2s)
     625/15876  (2s)
     650/15876  (2s)
     675/15876  (2s)
     700/15876  (3s)
     725/15876  (3s)
     750/15876  (3s)
     775/15876  (3s)
     800/15876  (3s)
     825/15876  (3s)
     850/15876  (3s)
     875/15876  (3s)
     900/15876  (3s)
     925/15876  (3s)
     950/15876  (3s)
     975/15876  (4s)
    1000/15876  (4s)
    1025/15876  (4s)
    1050/15876  (4s)
    1075/15876  (4s)
    1100/15876  (4s)
    1125/15876  (4s)
    1150/15876  (4s)
    1175/15876  (4s)
    1200/15876  (4s)
    1225/15876  (5s)
    1250/15876  (5s)
    1275/15876  (5s)
    1300/15876  (5s)
    1325/15876  (5s)
    1350/15876  (5s)
    1375/15876  (5s)
    1400/15876  (5s)
    1425/15876  (5s)
    1450/15876  (5s)
    1475/15876  (6s)
    1500/15876  (6s)
    1525/15876  (6s)
    1550/15876  (6s)
    1575/15876  (6s)
    1600/15876  (6s)
    1625/15876  (6s)
    1650/15876  (6s)
    1675/15876  (7s)
    1700/15876  (7s)
    1725/15876  (7s)
    1750/15876  (7s)
    1775/15876  (7s)
    1800/15876  (7s)
    1825/15876  (7s)
    1850/15876  (7s)
    1875/15876  (7s)
    1900/15876  (7s)
    1925/15876  (8s)
    1950/15876  (8s)
    1975/15876  (8s)
    2000/15876  (8s)
    2025/15876  (8s)
    2050/15876  (8s)
    2075/15876  (8s)
    2100/15876  (8s)
    2125/15876  (8s)
    2150/15876  (9s)
    2175/15876  (9s)
    2200/15876  (9s)
    2225/15876  (9s)
    2250/15876  (9s)
    2275/15876  (9s)
    2300/15876  (9s)
    2325/15876  (9s)
    2350/15876  (9s)
    2375/15876  (10s)
    2400/15876  (10s)
    2425/15876  (10s)
    2450/15876  (10s)
    2475/15876  (10s)
    2500/15876  (10s)
    2525/15876  (10s)
    2550/15876  (10s)
    2575/15876  (10s)
    2600/15876  (11s)
    2625/15876  (11s)
    2650/15876  (11s)
    2675/15876  (11s)
    2700/15876  (11s)
    2725/15876  (11s)
    2750/15876  (11s)
    2775/15876  (11s)
    2800/15876  (11s)
    2825/15876  (11s)
    2850/15876  (11s)
    2875/15876  (12s)
    2900/15876  (12s)
    2925/15876  (12s)
    2950/15876  (12s)
    2975/15876  (12s)
    3000/15876  (12s)
    3025/15876  (12s)
    3050/15876  (12s)
    3075/15876  (13s)
    3100/15876  (13s)
    3125/15876  (13s)
    3150/15876  (13s)
    3175/15876  (13s)
    3200/15876  (13s)
    3225/15876  (13s)
    3250/15876  (13s)
    3275/15876  (14s)
    3300/15876  (14s)
    3325/15876  (14s)
    3350/15876  (14s)
    3375/15876  (14s)
    3400/15876  (14s)
    3425/15876  (15s)
    3450/15876  (15s)
    3475/15876  (15s)
    3500/15876  (15s)
    3525/15876  (15s)
    3550/15876  (15s)
    3575/15876  (16s)
    3600/15876  (16s)
    3625/15876  (16s)
    3650/15876  (16s)
    3675/15876  (16s)
    3700/15876  (16s)
    3725/15876  (16s)
    3750/15876  (16s)
    3775/15876  (17s)
    3800/15876  (17s)
    3825/15876  (17s)
    3850/15876  (17s)
    3875/15876  (17s)
    3900/15876  (18s)
    3925/15876  (18s)
    3950/15876  (18s)
    3975/15876  (18s)
    4000/15876  (18s)
    4025/15876  (18s)
    4050/15876  (19s)
    4075/15876  (19s)
    4100/15876  (19s)
    4125/15876  (19s)
    4150/15876  (19s)
    4175/15876  (19s)
    4200/15876  (19s)
    4225/15876  (20s)
    4250/15876  (20s)
    4275/15876  (20s)
    4300/15876  (20s)
    4325/15876  (20s)
    4350/15876  (20s)
    4375/15876  (20s)
    4400/15876  (20s)
    4425/15876  (20s)
    4450/15876  (21s)
    4475/15876  (21s)
    4500/15876  (21s)
    4525/15876  (21s)
    4550/15876  (21s)
    4575/15876  (21s)
    4600/15876  (21s)
    4625/15876  (21s)
    4650/15876  (21s)
    4675/15876  (21s)
    4700/15876  (22s)
    4725/15876  (22s)
    4750/15876  (22s)
    4775/15876  (22s)
    4800/15876  (22s)
    4825/15876  (22s)
    4850/15876  (22s)
    4875/15876  (22s)
    4900/15876  (23s)
    4925/15876  (23s)
    4950/15876  (23s)
    4975/15876  (23s)
    5000/15876  (23s)
    5025/15876  (23s)
    5050/15876  (23s)
    5075/15876  (24s)
    5100/15876  (24s)
    5125/15876  (24s)
    5150/15876  (24s)
    5175/15876  (24s)
    5200/15876  (24s)
    5225/15876  (24s)
    5250/15876  (24s)
    5275/15876  (24s)
    5300/15876  (25s)
    5325/15876  (25s)
    5350/15876  (25s)
    5375/15876  (25s)
    5400/15876  (25s)
    5425/15876  (25s)
    5450/15876  (25s)
    5475/15876  (26s)
    5500/15876  (26s)
    5525/15876  (26s)
    5550/15876  (26s)
    5575/15876  (26s)
    5600/15876  (26s)
    5625/15876  (26s)
    5650/15876  (26s)
    5675/15876  (26s)
    5700/15876  (27s)
    5725/15876  (27s)
    5750/15876  (27s)
    5775/15876  (27s)
    5800/15876  (27s)
    5825/15876  (27s)
    5850/15876  (27s)
    5875/15876  (27s)
    5900/15876  (27s)
    5925/15876  (28s)
    5950/15876  (28s)
    5975/15876  (28s)
    6000/15876  (28s)
    6025/15876  (28s)
    6050/15876  (28s)
    6075/15876  (29s)
    6100/15876  (29s)
    6125/15876  (29s)
    6150/15876  (29s)
    6175/15876  (29s)
    6200/15876  (29s)
    6225/15876  (29s)
    6250/15876  (29s)
    6275/15876  (30s)
    6300/15876  (30s)
    6325/15876  (30s)
    6350/15876  (30s)
    6375/15876  (30s)
    6400/15876  (30s)
    6425/15876  (30s)
    6450/15876  (30s)
    6475/15876  (30s)
    6500/15876  (30s)
    6525/15876  (31s)
    6550/15876  (31s)
    6575/15876  (31s)
    6600/15876  (31s)
    6625/15876  (31s)
    6650/15876  (31s)
    6675/15876  (31s)
    6700/15876  (31s)
    6725/15876  (31s)
    6750/15876  (32s)
    6775/15876  (32s)
    6800/15876  (32s)
    6825/15876  (32s)
    6850/15876  (32s)
    6875/15876  (32s)
    6900/15876  (32s)
    6925/15876  (32s)
    6950/15876  (32s)
    6975/15876  (33s)
    7000/15876  (33s)
    7025/15876  (33s)
    7050/15876  (33s)
    7075/15876  (33s)
    7100/15876  (33s)
    7125/15876  (33s)
    7150/15876  (33s)
    7175/15876  (33s)
    7200/15876  (34s)
    7225/15876  (34s)
    7250/15876  (34s)
    7275/15876  (34s)
    7300/15876  (34s)
    7325/15876  (34s)
    7350/15876  (34s)
    7375/15876  (34s)
    7400/15876  (35s)
    7425/15876  (35s)
    7450/15876  (35s)
    7475/15876  (35s)
    7500/15876  (35s)
    7525/15876  (35s)
    7550/15876  (35s)
    7575/15876  (35s)
    7600/15876  (35s)
    7625/15876  (36s)
    7650/15876  (36s)
    7675/15876  (36s)
    7700/15876  (36s)
    7725/15876  (36s)
    7750/15876  (36s)
    7775/15876  (36s)
    7800/15876  (36s)
    7825/15876  (36s)
    7850/15876  (37s)
    7875/15876  (37s)
    7900/15876  (37s)
    7925/15876  (37s)
    7950/15876  (37s)
    7975/15876  (37s)
    8000/15876  (37s)
    8025/15876  (38s)
    8050/15876  (38s)
    8075/15876  (38s)
    8100/15876  (38s)
    8125/15876  (38s)
    8150/15876  (38s)
    8175/15876  (38s)
    8200/15876  (38s)
    8225/15876  (39s)
    8250/15876  (39s)
    8275/15876  (39s)
    8300/15876  (39s)
    8325/15876  (39s)
    8350/15876  (39s)
    8375/15876  (39s)
    8400/15876  (39s)
    8425/15876  (40s)
    8450/15876  (40s)
    8475/15876  (40s)
    8500/15876  (40s)
    8525/15876  (40s)
    8550/15876  (40s)
    8575/15876  (40s)
    8600/15876  (40s)
    8625/15876  (40s)
    8650/15876  (40s)
    8675/15876  (41s)
    8700/15876  (41s)
    8725/15876  (41s)
    8750/15876  (41s)
    8775/15876  (41s)
    8800/15876  (41s)
    8825/15876  (41s)
    8850/15876  (41s)
    8875/15876  (41s)
    8900/15876  (42s)
    8925/15876  (42s)
    8950/15876  (42s)
    8975/15876  (42s)
    9000/15876  (42s)
    9025/15876  (42s)
    9050/15876  (42s)
    9075/15876  (42s)
    9100/15876  (43s)
    9125/15876  (43s)
    9150/15876  (43s)
    9175/15876  (43s)
    9200/15876  (43s)
    9225/15876  (43s)
    9250/15876  (43s)
    9275/15876  (44s)
    9300/15876  (44s)
    9325/15876  (44s)
    9350/15876  (44s)
    9375/15876  (44s)
    9400/15876  (44s)
    9425/15876  (44s)
    9450/15876  (45s)
    9475/15876  (45s)
    9500/15876  (45s)
    9525/15876  (45s)
    9550/15876  (45s)
    9575/15876  (45s)
    9600/15876  (45s)
    9625/15876  (45s)
    9650/15876  (45s)
    9675/15876  (46s)
    9700/15876  (46s)
    9725/15876  (46s)
    9750/15876  (46s)
    9775/15876  (46s)
    9800/15876  (46s)
    9825/15876  (46s)
    9850/15876  (47s)
    9875/15876  (47s)
    9900/15876  (47s)
    9925/15876  (47s)
    9950/15876  (47s)
    9975/15876  (47s)
   10000/15876  (47s)
   10025/15876  (47s)
   10050/15876  (48s)
   10075/15876  (48s)
   10100/15876  (48s)
   10125/15876  (48s)
   10150/15876  (48s)
   10175/15876  (48s)
   10200/15876  (48s)
   10225/15876  (48s)
   10250/15876  (49s)
   10275/15876  (49s)
   10300/15876  (49s)
   10325/15876  (49s)
   10350/15876  (49s)
   10375/15876  (49s)
   10400/15876  (49s)
   10425/15876  (49s)
   10450/15876  (49s)
   10475/15876  (50s)
   10500/15876  (50s)
   10525/15876  (50s)
   10550/15876  (50s)
   10575/15876  (50s)
   10600/15876  (50s)
   10625/15876  (50s)
   10650/15876  (51s)
   10675/15876  (51s)
   10700/15876  (51s)
   10725/15876  (51s)
   10750/15876  (51s)
   10775/15876  (51s)
   10800/15876  (51s)
   10825/15876  (51s)
   10850/15876  (51s)
   10875/15876  (52s)
   10900/15876  (52s)
   10925/15876  (52s)
   10950/15876  (52s)
   10975/15876  (52s)
   11000/15876  (52s)
   11025/15876  (52s)
   11050/15876  (52s)
   11075/15876  (52s)
   11100/15876  (53s)
   11125/15876  (53s)
   11150/15876  (53s)
   11175/15876  (53s)
   11200/15876  (53s)
   11225/15876  (53s)
   11250/15876  (53s)
   11275/15876  (54s)
   11300/15876  (54s)
   11325/15876  (54s)
   11350/15876  (54s)
   11375/15876  (54s)
   11400/15876  (54s)
   11425/15876  (55s)
   11450/15876  (55s)
   11475/15876  (55s)
   11500/15876  (55s)
   11525/15876  (55s)
   11550/15876  (55s)
   11575/15876  (55s)
   11600/15876  (55s)
   11625/15876  (56s)
   11650/15876  (56s)
   11675/15876  (56s)
   11700/15876  (56s)
   11725/15876  (56s)
   11750/15876  (56s)
   11775/15876  (56s)
   11800/15876  (57s)
   11825/15876  (57s)
   11850/15876  (57s)
   11875/15876  (57s)
   11900/15876  (57s)
   11925/15876  (57s)
   11950/15876  (57s)
   11975/15876  (57s)
   12000/15876  (58s)
   12025/15876  (58s)
   12050/15876  (58s)
   12075/15876  (58s)
   12100/15876  (58s)
   12125/15876  (58s)
   12150/15876  (58s)
   12175/15876  (58s)
   12200/15876  (59s)
   12225/15876  (59s)
   12250/15876  (59s)
   12275/15876  (59s)
   12300/15876  (59s)
   12325/15876  (59s)
   12350/15876  (59s)
   12375/15876  (60s)
   12400/15876  (60s)
   12425/15876  (60s)
   12450/15876  (60s)
   12475/15876  (60s)
   12500/15876  (60s)
   12525/15876  (61s)
   12550/15876  (61s)
   12575/15876  (61s)
   12600/15876  (61s)
   12625/15876  (61s)
   12650/15876  (61s)
   12675/15876  (61s)
   12700/15876  (61s)
   12725/15876  (61s)
   12750/15876  (62s)
   12775/15876  (62s)
   12800/15876  (62s)
   12825/15876  (62s)
   12850/15876  (62s)
   12875/15876  (62s)
   12900/15876  (62s)
   12925/15876  (62s)
   12950/15876  (62s)
   12975/15876  (63s)
   13000/15876  (63s)
   13025/15876  (63s)
   13050/15876  (63s)
   13075/15876  (63s)
   13100/15876  (63s)
   13125/15876  (63s)
   13150/15876  (63s)
   13175/15876  (64s)
   13200/15876  (64s)
   13225/15876  (64s)
   13250/15876  (64s)
   13275/15876  (64s)
   13300/15876  (64s)
   13325/15876  (64s)
   13350/15876  (65s)
   13375/15876  (65s)
   13400/15876  (65s)
   13425/15876  (65s)
   13450/15876  (65s)
   13475/15876  (65s)
   13500/15876  (65s)
   13525/15876  (65s)
   13550/15876  (65s)
   13575/15876  (66s)
   13600/15876  (66s)
   13625/15876  (66s)
   13650/15876  (66s)
   13675/15876  (66s)
   13700/15876  (66s)
   13725/15876  (67s)
   13750/15876  (67s)
   13775/15876  (67s)
   13800/15876  (67s)
   13825/15876  (67s)
   13850/15876  (67s)
   13875/15876  (67s)
   13900/15876  (67s)
   13925/15876  (67s)
   13950/15876  (68s)
   13975/15876  (68s)
   14000/15876  (68s)
   14025/15876  (68s)
   14050/15876  (68s)
   14075/15876  (68s)
   14100/15876  (68s)
   14125/15876  (68s)
   14150/15876  (68s)
   14175/15876  (68s)
   14200/15876  (68s)
   14225/15876  (69s)
   14250/15876  (69s)
   14275/15876  (69s)
   14300/15876  (69s)
   14325/15876  (69s)
   14350/15876  (69s)
   14375/15876  (69s)
   14400/15876  (69s)
   14425/15876  (69s)
   14450/15876  (69s)
   14475/15876  (70s)
   14500/15876  (70s)
   14525/15876  (70s)
   14550/15876  (70s)
   14575/15876  (70s)
   14600/15876  (70s)
   14625/15876  (70s)
   14650/15876  (70s)
   14675/15876  (70s)
   14700/15876  (70s)
   14725/15876  (71s)
   14750/15876  (71s)
   14775/15876  (71s)
   14800/15876  (71s)
   14825/15876  (71s)
   14850/15876  (71s)
   14875/15876  (71s)
   14900/15876  (71s)
   14925/15876  (71s)
   14950/15876  (72s)
   14975/15876  (72s)
   15000/15876  (72s)
   15025/15876  (72s)
   15050/15876  (72s)
   15075/15876  (72s)
   15100/15876  (72s)
   15125/15876  (72s)
   15150/15876  (72s)
   15175/15876  (72s)
   15200/15876  (73s)
   15225/15876  (73s)
   15250/15876  (73s)
   15275/15876  (73s)
   15300/15876  (73s)
   15325/15876  (73s)
   15350/15876  (73s)
   15375/15876  (73s)
   15400/15876  (73s)
   15425/15876  (74s)
   15450/15876  (74s)
   15475/15876  (74s)
   15500/15876  (74s)
   15525/15876  (74s)
   15550/15876  (74s)
   15575/15876  (74s)
   15600/15876  (74s)
   15625/15876  (74s)
   15650/15876  (74s)
   15675/15876  (74s)
   15700/15876  (75s)
   15725/15876  (75s)
   15750/15876  (75s)
   15775/15876  (75s)
   15800/15876  (75s)
   15825/15876  (75s)
   15850/15876  (75s)
   15875/15876  (75s)
   15876/15876  (75s)

Escrito aperturas/orden/sw_ascsc.csv (15,876 filas, 75s)
  white    13,616  (85.8%)
  black     2,254  (14.2%)
  draw          6  (0.0%)
