Barriendo 4,900 enfrentamientos, hasta 14 plies, 20000 ms cada uno.
Hilos: 8
      25/4900  (0s)
      50/4900  (0s)
      75/4900  (1s)
     100/4900  (1s)
     125/4900  (1s)
     150/4900  (1s)
     175/4900  (2s)
     200/4900  (2s)
     225/4900  (2s)
     250/4900  (2s)
     275/4900  (3s)
     300/4900  (3s)
     325/4900  (3s)
     350/4900  (4s)
     375/4900  (4s)
     400/4900  (5s)
     425/4900  (5s)
     450/4900  (5s)
     475/4900  (6s)
     500/4900  (6s)
     525/4900  (6s)
     550/4900  (6s)
     575/4900  (7s)
     600/4900  (7s)
     625/4900  (7s)
     650/4900  (7s)
     675/4900  (8s)
     700/4900  (8s)
     725/4900  (8s)
     750/4900  (9s)
     775/4900  (9s)
     800/4900  (9s)
     825/4900  (10s)
     850/4900  (10s)
     875/4900  (11s)
     900/4900  (11s)
     925/4900  (12s)
     950/4900  (12s)
     975/4900  (12s)
    1000/4900  (13s)
    1025/4900  (13s)
    1050/4900  (13s)
    1075/4900  (14s)
    1100/4900  (14s)
    1125/4900  (15s)
    1150/4900  (15s)
    1175/4900  (15s)
    1200/4900  (16s)
    1225/4900  (16s)
    1250/4900  (16s)
    1275/4900  (16s)
    1300/4900  (16s)
    1325/4900  (17s)
    1350/4900  (17s)
    1375/4900  (17s)
    1400/4900  (18s)
    1425/4900  (19s)
    1450/4900  (19s)
    1475/4900  (20s)
    1500/4900  (20s)
    1525/4900  (21s)
    1550/4900  (21s)
    1575/4900  (22s)
    1600/4900  (22s)
    1625/4900  (23s)
    1650/4900  (23s)
    1675/4900  (24s)
    1700/4900  (24s)
    1725/4900  (25s)
    1750/4900  (25s)
    1775/4900  (26s)
    1800/4900  (26s)
    1825/4900  (26s)
    1850/4900  (27s)
    1875/4900  (27s)
    1900/4900  (28s)
    1925/4900  (28s)
    1950/4900  (29s)
    1975/4900  (29s)
    2000/4900  (30s)
    2025/4900  (31s)
    2050/4900  (31s)
    2075/4900  (31s)
    2100/4900  (32s)
    2125/4900  (33s)
    2150/4900  (33s)
    2175/4900  (34s)
    2200/4900  (34s)
    2225/4900  (35s)
    2250/4900  (35s)
    2275/4900  (36s)
    2300/4900  (36s)
    2325/4900  (37s)
    2350/4900  (37s)
    2375/4900  (37s)
    2400/4900  (37s)
    2425/4900  (38s)
    2450/4900  (38s)
    2475/4900  (38s)
    2500/4900  (38s)
    2525/4900  (39s)
    2550/4900  (40s)
    2575/4900  (40s)
    2600/4900  (41s)
    2625/4900  (41s)
    2650/4900  (42s)
    2675/4900  (43s)
    2700/4900  (43s)
    2725/4900  (44s)
    2750/4900  (44s)
    2775/4900  (45s)
    2800/4900  (45s)
    2825/4900  (46s)
    2850/4900  (46s)
    2875/4900  (47s)
    2900/4900  (47s)
    2925/4900  (48s)
    2950/4900  (48s)
    2975/4900  (48s)
    3000/4900  (49s)
    3025/4900  (49s)
    3050/4900  (49s)
    3075/4900  (49s)
    3100/4900  (50s)
    3125/4900  (51s)
    3150/4900  (51s)
    3175/4900  (52s)
    3200/4900  (53s)
    3225/4900  (53s)
    3250/4900  (54s)
    3275/4900  (55s)
    3300/4900  (55s)
    3325/4900  (56s)
    3350/4900  (57s)
    3375/4900  (57s)
    3400/4900  (58s)
    3425/4900  (59s)
    3450/4900  (60s)
    3475/4900  (60s)
    3500/4900  (61s)
    3525/4900  (61s)
    3550/4900  (62s)
    3575/4900  (64s)
    3600/4900  (66s)
    3625/4900  (67s)
    3650/4900  (68s)
    3675/4900  (69s)
    3700/4900  (70s)
    3725/4900  (71s)
    3750/4900  (72s)
    3775/4900  (72s)
    3800/4900  (73s)
    3825/4900  (73s)
    3850/4900  (74s)
    3875/4900  (75s)
    3900/4900  (75s)
    3925/4900  (76s)
    3950/4900  (76s)
    3975/4900  (77s)
    4000/4900  (77s)
    4025/4900  (77s)
    4050/4900  (78s)
    4075/4900  (79s)
    4100/4900  (79s)
    4125/4900  (79s)
    4150/4900  (80s)
    4175/4900  (80s)
    4200/4900  (81s)
    4225/4900  (81s)
    4250/4900  (82s)
    4275/4900  (82s)
    4300/4900  (83s)
    4325/4900  (83s)
    4350/4900  (83s)
    4375/4900  (83s)
    4400/4900  (83s)
    4425/4900  (84s)
    4450/4900  (85s)
    4475/4900  (85s)
    4500/4900  (86s)
    4525/4900  (88s)
    4550/4900  (89s)
    4575/4900  (90s)
    4600/4900  (90s)
    4625/4900  (91s)
    4650/4900  (92s)
    4675/4900  (93s)
    4700/4900  (94s)
    4725/4900  (95s)
    4750/4900  (95s)
    4775/4900  (96s)
    4800/4900  (97s)
    4825/4900  (97s)
    4850/4900  (98s)
    4875/4900  (99s)
    4900/4900  (102s)

Escrito sw_4v4.csv (4,900 filas, 102s)
  white     2,854  (58.2%)
  black     1,808  (36.9%)
  draw        238  (4.9%)
