Barriendo 26,460 enfrentamientos, hasta 14 plies, 20000 ms cada uno.
Hilos: 8
      25/26460  (1s)
      50/26460  (2s)
      75/26460  (3s)
     100/26460  (3s)
     125/26460  (4s)
     150/26460  (4s)
     175/26460  (5s)
     200/26460  (6s)
     225/26460  (6s)
     250/26460  (7s)
     275/26460  (7s)
     300/26460  (7s)
     325/26460  (8s)
     350/26460  (9s)
     375/26460  (10s)
     400/26460  (11s)
     425/26460  (12s)
     450/26460  (13s)
     475/26460  (15s)
     500/26460  (16s)
     525/26460  (17s)
     550/26460  (18s)
     575/26460  (19s)
     600/26460  (20s)
     625/26460  (21s)
     650/26460  (22s)
     675/26460  (23s)
     700/26460  (25s)
     725/26460  (27s)
     750/26460  (30s)
     775/26460  (32s)
     800/26460  (35s)
     825/26460  (37s)
     850/26460  (39s)
     875/26460  (40s)
     900/26460  (42s)
     925/26460  (43s)
     950/26460  (43s)
     975/26460  (44s)
    1000/26460  (45s)
    1025/26460  (46s)
    1050/26460  (46s)
    1075/26460  (47s)
    1100/26460  (48s)
    1125/26460  (50s)
    1150/26460  (52s)
    1175/26460  (54s)
    1200/26460  (56s)
    1225/26460  (59s)
    1250/26460  (60s)
    1275/26460  (62s)
    1300/26460  (65s)
    1325/26460  (67s)
    1350/26460  (69s)
    1375/26460  (71s)
    1400/26460  (71s)
    1425/26460  (73s)
    1450/26460  (75s)
    1475/26460  (77s)
    1500/26460  (78s)
    1525/26460  (80s)
    1550/26460  (82s)
    1575/26460  (83s)
    1600/26460  (84s)
    1625/26460  (85s)
    1650/26460  (87s)
    1675/26460  (88s)
    1700/26460  (89s)
    1725/26460  (91s)
    1750/26460  (92s)
    1775/26460  (94s)
    1800/26460  (95s)
    1825/26460  (96s)
    1850/26460  (98s)
    1875/26460  (101s)
    1900/26460  (103s)
    1925/26460  (105s)
    1950/26460  (107s)
    1975/26460  (108s)
    2000/26460  (109s)
    2025/26460  (110s)
    2050/26460  (111s)
    2075/26460  (112s)
    2100/26460  (113s)
    2125/26460  (114s)
    2150/26460  (116s)
    2175/26460  (120s)
    2200/26460  (123s)
    2225/26460  (128s)
    2250/26460  (131s)
    2275/26460  (139s)
    2300/26460  (142s)
    2325/26460  (143s)
    2350/26460  (147s)
    2375/26460  (150s)
    2400/26460  (152s)
    2425/26460  (155s)
    2450/26460  (157s)
    2475/26460  (161s)
    2500/26460  (165s)
    2525/26460  (168s)
    2550/26460  (171s)
    2575/26460  (172s)
    2600/26460  (174s)
    2625/26460  (176s)
    2650/26460  (178s)
    2675/26460  (180s)
    2700/26460  (183s)
    2725/26460  (187s)
    2750/26460  (191s)
    2775/26460  (194s)
    2800/26460  (197s)
    2825/26460  (198s)
    2850/26460  (205s)
    2875/26460  (209s)
    2900/26460  (211s)
    2925/26460  (216s)
    2950/26460  (221s)
    2975/26460  (222s)
    3000/26460  (228s)
    3025/26460  (233s)
    3050/26460  (237s)
    3075/26460  (240s)
    3100/26460  (245s)
    3125/26460  (248s)
    3150/26460  (251s)
    3175/26460  (254s)
    3200/26460  (258s)
    3225/26460  (261s)
    3250/26460  (265s)
    3275/26460  (267s)
    3300/26460  (269s)
    3325/26460  (272s)
    3350/26460  (276s)
    3375/26460  (278s)
    3400/26460  (280s)
    3425/26460  (282s)
    3450/26460  (284s)
    3475/26460  (286s)
    3500/26460  (289s)
    3525/26460  (292s)
    3550/26460  (294s)
    3575/26460  (296s)
    3600/26460  (299s)
    3625/26460  (303s)
    3650/26460  (304s)
    3675/26460  (306s)
    3700/26460  (308s)
    3725/26460  (310s)
    3750/26460  (312s)
    3775/26460  (314s)
    3800/26460  (315s)
    3825/26460  (317s)
    3850/26460  (318s)
    3875/26460  (319s)
    3900/26460  (321s)
    3925/26460  (323s)
    3950/26460  (324s)
    3975/26460  (327s)
    4000/26460  (328s)
    4025/26460  (330s)
    4050/26460  (332s)
    4075/26460  (335s)
    4100/26460  (338s)
    4125/26460  (341s)
    4150/26460  (343s)
    4175/26460  (347s)
    4200/26460  (349s)
    4225/26460  (352s)
    4250/26460  (353s)
    4275/26460  (355s)
    4300/26460  (356s)
    4325/26460  (358s)
    4350/26460  (360s)
    4375/26460  (362s)
    4400/26460  (363s)
    4425/26460  (365s)
    4450/26460  (367s)
    4475/26460  (371s)
    4500/26460  (375s)
    4525/26460  (378s)
    4550/26460  (382s)
    4575/26460  (384s)
    4600/26460  (385s)
    4625/26460  (388s)
    4650/26460  (390s)
    4675/26460  (391s)
    4700/26460  (394s)
    4725/26460  (396s)
    4750/26460  (399s)
    4775/26460  (400s)
    4800/26460  (401s)
    4825/26460  (403s)
    4850/26460  (407s)
    4875/26460  (411s)
    4900/26460  (414s)
    4925/26460  (418s)
    4950/26460  (420s)
    4975/26460  (421s)
    5000/26460  (423s)
    5025/26460  (427s)
    5050/26460  (430s)
    5075/26460  (436s)
    5100/26460  (439s)
    5125/26460  (443s)
    5150/26460  (445s)
    5175/26460  (447s)
    5200/26460  (450s)
    5225/26460  (453s)
    5250/26460  (457s)
    5275/26460  (460s)
    5300/26460  (465s)
    5325/26460  (470s)
    5350/26460  (474s)
    5375/26460  (477s)
    5400/26460  (484s)
    5425/26460  (487s)
    5450/26460  (489s)
    5475/26460  (492s)
    5500/26460  (496s)
    5525/26460  (497s)
    5550/26460  (500s)
    5575/26460  (504s)
    5600/26460  (506s)
    5625/26460  (509s)
    5650/26460  (513s)
    5675/26460  (518s)
    5700/26460  (521s)
    5725/26460  (524s)
    5750/26460  (528s)
    5775/26460  (530s)
    5800/26460  (534s)
    5825/26460  (538s)
    5850/26460  (539s)
    5875/26460  (541s)
    5900/26460  (543s)
    5925/26460  (546s)
    5950/26460  (548s)
    5975/26460  (550s)
    6000/26460  (552s)
    6025/26460  (554s)
    6050/26460  (557s)
    6075/26460  (559s)
    6100/26460  (561s)
    6125/26460  (564s)
    6150/26460  (567s)
    6175/26460  (572s)
    6200/26460  (577s)
    6225/26460  (581s)
    6250/26460  (583s)
    6275/26460  (586s)
    6300/26460  (588s)
    6325/26460  (591s)
    6350/26460  (593s)
    6375/26460  (595s)
    6400/26460  (597s)
    6425/26460  (600s)
    6450/26460  (601s)
    6475/26460  (604s)
    6500/26460  (605s)
    6525/26460  (607s)
    6550/26460  (609s)
    6575/26460  (612s)
    6600/26460  (615s)
    6625/26460  (616s)
    6650/26460  (618s)
    6675/26460  (620s)
    6700/26460  (623s)
    6725/26460  (625s)
    6750/26460  (627s)
    6775/26460  (631s)
    6800/26460  (636s)
    6825/26460  (642s)
    6850/26460  (646s)
    6875/26460  (648s)
    6900/26460  (651s)
    6925/26460  (654s)
    6950/26460  (659s)
    6975/26460  (662s)
    7000/26460  (665s)
    7025/26460  (668s)
    7050/26460  (671s)
    7075/26460  (673s)
    7100/26460  (678s)
    7125/26460  (679s)
    7150/26460  (681s)
    7175/26460  (683s)
    7200/26460  (687s)
    7225/26460  (691s)
    7250/26460  (694s)
    7275/26460  (696s)
    7300/26460  (698s)
    7325/26460  (701s)
    7350/26460  (704s)
    7375/26460  (707s)
    7400/26460  (708s)
    7425/26460  (710s)
    7450/26460  (712s)
    7475/26460  (714s)
    7500/26460  (715s)
    7525/26460  (717s)
    7550/26460  (719s)
    7575/26460  (721s)
    7600/26460  (722s)
    7625/26460  (723s)
    7650/26460  (725s)
    7675/26460  (727s)
    7700/26460  (728s)
    7725/26460  (729s)
    7750/26460  (731s)
    7775/26460  (733s)
    7800/26460  (736s)
    7825/26460  (739s)
    7850/26460  (744s)
    7875/26460  (747s)
    7900/26460  (749s)
    7925/26460  (753s)
    7950/26460  (755s)
    7975/26460  (758s)
    8000/26460  (760s)
    8025/26460  (765s)
    8050/26460  (768s)
    8075/26460  (769s)
    8100/26460  (772s)
    8125/26460  (774s)
    8150/26460  (777s)
    8175/26460  (778s)
    8200/26460  (781s)
    8225/26460  (784s)
    8250/26460  (786s)
    8275/26460  (790s)
    8300/26460  (792s)
    8325/26460  (794s)
    8350/26460  (797s)
    8375/26460  (799s)
    8400/26460  (801s)
    8425/26460  (803s)
    8450/26460  (806s)
    8475/26460  (808s)
    8500/26460  (810s)
    8525/26460  (810s)
    8550/26460  (811s)
    8575/26460  (812s)
    8600/26460  (814s)
    8625/26460  (817s)
    8650/26460  (820s)
    8675/26460  (821s)
    8700/26460  (823s)
    8725/26460  (824s)
    8750/26460  (824s)
    8775/26460  (825s)
    8800/26460  (827s)
    8825/26460  (828s)
    8850/26460  (829s)
    8875/26460  (830s)
    8900/26460  (831s)
    8925/26460  (832s)
    8950/26460  (833s)
    8975/26460  (834s)
    9000/26460  (835s)
    9025/26460  (837s)
    9050/26460  (838s)
    9075/26460  (840s)
    9100/26460  (842s)
    9125/26460  (843s)
    9150/26460  (844s)
    9175/26460  (846s)
    9200/26460  (847s)
    9225/26460  (848s)
    9250/26460  (850s)
    9275/26460  (851s)
    9300/26460  (853s)
    9325/26460  (855s)
    9350/26460  (856s)
    9375/26460  (856s)
    9400/26460  (857s)
    9425/26460  (859s)
    9450/26460  (860s)
    9475/26460  (861s)
    9500/26460  (862s)
    9525/26460  (864s)
    9550/26460  (865s)
    9575/26460  (867s)
    9600/26460  (869s)
    9625/26460  (872s)
    9650/26460  (873s)
    9675/26460  (875s)
    9700/26460  (876s)
    9725/26460  (877s)
    9750/26460  (878s)
    9775/26460  (879s)
    9800/26460  (880s)
    9825/26460  (881s)
    9850/26460  (881s)
    9875/26460  (882s)
    9900/26460  (883s)
    9925/26460  (884s)
    9950/26460  (885s)
    9975/26460  (886s)
   10000/26460  (887s)
   10025/26460  (889s)
   10050/26460  (891s)
   10075/26460  (894s)
   10100/26460  (896s)
   10125/26460  (898s)
   10150/26460  (900s)
   10175/26460  (901s)
   10200/26460  (903s)
   10225/26460  (904s)
   10250/26460  (905s)
   10275/26460  (906s)
   10300/26460  (911s)
   10325/26460  (915s)
   10350/26460  (920s)
   10375/26460  (924s)
   10400/26460  (928s)
   10425/26460  (931s)
   10450/26460  (937s)
   10475/26460  (940s)
   10500/26460  (943s)
   10525/26460  (946s)
   10550/26460  (948s)
   10575/26460  (949s)
   10600/26460  (951s)
   10625/26460  (951s)
   10650/26460  (953s)
   10675/26460  (956s)
   10700/26460  (958s)
   10725/26460  (959s)
   10750/26460  (960s)
   10775/26460  (962s)
   10800/26460  (963s)
   10825/26460  (964s)
   10850/26460  (965s)
   10875/26460  (967s)
   10900/26460  (970s)
   10925/26460  (973s)
   10950/26460  (975s)
   10975/26460  (978s)
   11000/26460  (980s)
   11025/26460  (982s)
   11050/26460  (986s)
   11075/26460  (987s)
   11100/26460  (990s)
   11125/26460  (992s)
   11150/26460  (994s)
   11175/26460  (995s)
   11200/26460  (996s)
   11225/26460  (998s)
   11250/26460  (1000s)
   11275/26460  (1002s)
   11300/26460  (1004s)
   11325/26460  (1006s)
   11350/26460  (1009s)
   11375/26460  (1012s)
   11400/26460  (1013s)
   11425/26460  (1016s)
   11450/26460  (1019s)
   11475/26460  (1021s)
   11500/26460  (1023s)
   11525/26460  (1027s)
   11550/26460  (1029s)
   11575/26460  (1031s)
   11600/26460  (1033s)
   11625/26460  (1035s)
   11650/26460  (1037s)
   11675/26460  (1040s)
   11700/26460  (1043s)
   11725/26460  (1046s)
   11750/26460  (1049s)
   11775/26460  (1054s)
   11800/26460  (1057s)
   11825/26460  (1061s)
   11850/26460  (1062s)
   11875/26460  (1063s)
   11900/26460  (1065s)
   11925/26460  (1066s)
   11950/26460  (1068s)
   11975/26460  (1070s)
   12000/26460  (1072s)
   12025/26460  (1074s)
   12050/26460  (1076s)
   12075/26460  (1077s)
   12100/26460  (1079s)
   12125/26460  (1080s)
   12150/26460  (1081s)
   12175/26460  (1083s)
   12200/26460  (1085s)
   12225/26460  (1087s)
   12250/26460  (1088s)
   12275/26460  (1090s)
   12300/26460  (1091s)
   12325/26460  (1092s)
   12350/26460  (1094s)
   12375/26460  (1095s)
   12400/26460  (1097s)
   12425/26460  (1099s)
   12450/26460  (1100s)
   12475/26460  (1101s)
   12500/26460  (1103s)
   12525/26460  (1104s)
   12550/26460  (1105s)
   12575/26460  (1107s)
   12600/26460  (1109s)
   12625/26460  (1109s)
   12650/26460  (1110s)
   12675/26460  (1113s)
   12700/26460  (1115s)
   12725/26460  (1118s)
   12750/26460  (1121s)
   12775/26460  (1125s)
   12800/26460  (1127s)
   12825/26460  (1131s)
   12850/26460  (1135s)
   12875/26460  (1140s)
   12900/26460  (1147s)
   12925/26460  (1151s)
   12950/26460  (1155s)
   12975/26460  (1159s)
   13000/26460  (1162s)
   13025/26460  (1166s)
   13050/26460  (1171s)
   13075/26460  (1176s)
   13100/26460  (1181s)
   13125/26460  (1184s)
   13150/26460  (1190s)
   13175/26460  (1192s)
   13200/26460  (1197s)
   13225/26460  (1202s)
   13250/26460  (1205s)
   13275/26460  (1210s)
   13300/26460  (1214s)
   13325/26460  (1219s)
   13350/26460  (1223s)
   13375/26460  (1224s)
   13400/26460  (1225s)
   13425/26460  (1227s)
   13450/26460  (1229s)
   13475/26460  (1232s)
   13500/26460  (1234s)
   13525/26460  (1236s)
   13550/26460  (1239s)
   13575/26460  (1241s)
   13600/26460  (1242s)
   13625/26460  (1243s)
   13650/26460  (1245s)
   13675/26460  (1247s)
   13700/26460  (1251s)
   13725/26460  (1254s)
   13750/26460  (1258s)
   13775/26460  (1261s)
   13800/26460  (1262s)
   13825/26460  (1263s)
   13850/26460  (1267s)
   13875/26460  (1268s)
   13900/26460  (1269s)
   13925/26460  (1271s)
   13950/26460  (1272s)
   13975/26460  (1274s)
   14000/26460  (1275s)
   14025/26460  (1276s)
   14050/26460  (1278s)
   14075/26460  (1279s)
   14100/26460  (1281s)
   14125/26460  (1283s)
   14150/26460  (1285s)
   14175/26460  (1286s)
   14200/26460  (1287s)
   14225/26460  (1289s)
   14250/26460  (1293s)
   14275/26460  (1295s)
   14300/26460  (1298s)
   14325/26460  (1302s)
   14350/26460  (1306s)
   14375/26460  (1307s)
   14400/26460  (1307s)
   14425/26460  (1308s)
   14450/26460  (1310s)
   14475/26460  (1312s)
   14500/26460  (1313s)
   14525/26460  (1315s)
   14550/26460  (1316s)
   14575/26460  (1323s)
   14600/26460  (1327s)
   14625/26460  (1331s)
   14650/26460  (1332s)
   14675/26460  (1335s)
   14700/26460  (1337s)
   14725/26460  (1339s)
   14750/26460  (1342s)
   14775/26460  (1344s)
   14800/26460  (1345s)
   14825/26460  (1346s)
   14850/26460  (1348s)
   14875/26460  (1349s)
   14900/26460  (1349s)
   14925/26460  (1352s)
   14950/26460  (1355s)
   14975/26460  (1361s)
   15000/26460  (1368s)
   15025/26460  (1370s)
   15050/26460  (1371s)
   15075/26460  (1373s)
   15100/26460  (1375s)
   15125/26460  (1376s)
   15150/26460  (1377s)
   15175/26460  (1378s)
   15200/26460  (1381s)
   15225/26460  (1384s)
   15250/26460  (1386s)
   15275/26460  (1388s)
   15300/26460  (1391s)
   15325/26460  (1394s)
   15350/26460  (1396s)
   15375/26460  (1397s)
   15400/26460  (1399s)
   15425/26460  (1401s)
   15450/26460  (1402s)
   15475/26460  (1403s)
   15500/26460  (1404s)
   15525/26460  (1404s)
   15550/26460  (1405s)
   15575/26460  (1406s)
   15600/26460  (1407s)
   15625/26460  (1407s)
   15650/26460  (1408s)
   15675/26460  (1408s)
   15700/26460  (1409s)
   15725/26460  (1411s)
   15750/26460  (1411s)
   15775/26460  (1413s)
   15800/26460  (1414s)
   15825/26460  (1414s)
   15850/26460  (1415s)
   15875/26460  (1416s)
   15900/26460  (1417s)
   15925/26460  (1419s)
   15950/26460  (1420s)
   15975/26460  (1421s)
   16000/26460  (1423s)
   16025/26460  (1425s)
   16050/26460  (1425s)
   16075/26460  (1427s)
   16100/26460  (1429s)
   16125/26460  (1430s)
   16150/26460  (1432s)
   16175/26460  (1433s)
   16200/26460  (1436s)
   16225/26460  (1437s)
   16250/26460  (1439s)
   16275/26460  (1441s)
   16300/26460  (1442s)
   16325/26460  (1443s)
   16350/26460  (1444s)
   16375/26460  (1445s)
   16400/26460  (1446s)
   16425/26460  (1447s)
   16450/26460  (1448s)
   16475/26460  (1448s)
   16500/26460  (1449s)
   16525/26460  (1449s)
   16550/26460  (1450s)
   16575/26460  (1450s)
   16600/26460  (1451s)
   16625/26460  (1451s)
   16650/26460  (1451s)
   16675/26460  (1452s)
   16700/26460  (1452s)
   16725/26460  (1453s)
   16750/26460  (1454s)
   16775/26460  (1454s)
   16800/26460  (1455s)
   16825/26460  (1456s)
   16850/26460  (1456s)
   16875/26460  (1457s)
   16900/26460  (1458s)
   16925/26460  (1458s)
   16950/26460  (1459s)
   16975/26460  (1460s)
   17000/26460  (1460s)
   17025/26460  (1460s)
   17050/26460  (1461s)
   17075/26460  (1461s)
   17100/26460  (1461s)
   17125/26460  (1461s)
   17150/26460  (1462s)
   17175/26460  (1462s)
   17200/26460  (1462s)
   17225/26460  (1462s)
   17250/26460  (1463s)
   17275/26460  (1465s)
   17300/26460  (1467s)
   17325/26460  (1469s)
   17350/26460  (1471s)
   17375/26460  (1472s)
   17400/26460  (1474s)
   17425/26460  (1476s)
   17450/26460  (1478s)
   17475/26460  (1482s)
   17500/26460  (1485s)
   17525/26460  (1488s)
   17550/26460  (1492s)
   17575/26460  (1497s)
   17600/26460  (1499s)
   17625/26460  (1502s)
   17650/26460  (1503s)
   17675/26460  (1504s)
   17700/26460  (1506s)
   17725/26460  (1509s)
   17750/26460  (1510s)
   17775/26460  (1514s)
   17800/26460  (1516s)
   17825/26460  (1519s)
   17850/26460  (1523s)
   17875/26460  (1524s)
   17900/26460  (1526s)
   17925/26460  (1528s)
   17950/26460  (1529s)
   17975/26460  (1530s)
   18000/26460  (1533s)
   18025/26460  (1535s)
   18050/26460  (1537s)
   18075/26460  (1540s)
   18100/26460  (1542s)
   18125/26460  (1545s)
   18150/26460  (1546s)
   18175/26460  (1547s)
   18200/26460  (1550s)
   18225/26460  (1551s)
   18250/26460  (1553s)
   18275/26460  (1554s)
   18300/26460  (1555s)
   18325/26460  (1556s)
   18350/26460  (1557s)
   18375/26460  (1559s)
   18400/26460  (1560s)
   18425/26460  (1562s)
   18450/26460  (1564s)
   18475/26460  (1566s)
   18500/26460  (1567s)
   18525/26460  (1568s)
   18550/26460  (1570s)
   18575/26460  (1571s)
   18600/26460  (1571s)
   18625/26460  (1572s)
   18650/26460  (1573s)
   18675/26460  (1575s)
   18700/26460  (1576s)
   18725/26460  (1576s)
   18750/26460  (1578s)
   18775/26460  (1579s)
   18800/26460  (1581s)
   18825/26460  (1584s)
   18850/26460  (1585s)
   18875/26460  (1588s)
   18900/26460  (1589s)
   18925/26460  (1591s)
   18950/26460  (1592s)
   18975/26460  (1594s)
   19000/26460  (1595s)
   19025/26460  (1596s)
   19050/26460  (1598s)
   19075/26460  (1600s)
   19100/26460  (1601s)
   19125/26460  (1604s)
   19150/26460  (1606s)
   19175/26460  (1607s)
   19200/26460  (1608s)
   19225/26460  (1610s)
   19250/26460  (1611s)
   19275/26460  (1612s)
   19300/26460  (1614s)
   19325/26460  (1616s)
   19350/26460  (1618s)
   19375/26460  (1619s)
   19400/26460  (1620s)
   19425/26460  (1621s)
   19450/26460  (1622s)
   19475/26460  (1623s)
   19500/26460  (1625s)
   19525/26460  (1626s)
   19550/26460  (1627s)
   19575/26460  (1628s)
   19600/26460  (1630s)
   19625/26460  (1631s)
   19650/26460  (1632s)
   19675/26460  (1633s)
   19700/26460  (1635s)
   19725/26460  (1636s)
   19750/26460  (1637s)
   19775/26460  (1638s)
   19800/26460  (1640s)
   19825/26460  (1645s)
   19850/26460  (1652s)
   19875/26460  (1658s)
   19900/26460  (1662s)
   19925/26460  (1671s)
   19950/26460  (1673s)
   19975/26460  (1679s)
   20000/26460  (1683s)
   20025/26460  (1687s)
   20050/26460  (1689s)
   20075/26460  (1691s)
   20100/26460  (1695s)
   20125/26460  (1696s)
   20150/26460  (1698s)
   20175/26460  (1702s)
   20200/26460  (1705s)
   20225/26460  (1709s)
   20250/26460  (1715s)
   20275/26460  (1722s)
   20300/26460  (1725s)
   20325/26460  (1729s)
   20350/26460  (1736s)
   20375/26460  (1739s)
   20400/26460  (1743s)
   20425/26460  (1745s)
   20450/26460  (1750s)
   20475/26460  (1754s)
   20500/26460  (1757s)
   20525/26460  (1760s)
   20550/26460  (1763s)
   20575/26460  (1766s)
   20600/26460  (1767s)
   20625/26460  (1769s)
   20650/26460  (1771s)
   20675/26460  (1774s)
   20700/26460  (1778s)
   20725/26460  (1782s)
   20750/26460  (1788s)
   20775/26460  (1791s)
   20800/26460  (1796s)
   20825/26460  (1799s)
   20850/26460  (1802s)
   20875/26460  (1806s)
   20900/26460  (1809s)
   20925/26460  (1811s)
   20950/26460  (1813s)
   20975/26460  (1818s)
   21000/26460  (1823s)
   21025/26460  (1827s)
   21050/26460  (1829s)
   21075/26460  (1834s)
   21100/26460  (1838s)
   21125/26460  (1841s)
   21150/26460  (1843s)
   21175/26460  (1846s)
   21200/26460  (1849s)
   21225/26460  (1851s)
   21250/26460  (1853s)
   21275/26460  (1855s)
   21300/26460  (1857s)
   21325/26460  (1859s)
   21350/26460  (1861s)
   21375/26460  (1864s)
   21400/26460  (1867s)
   21425/26460  (1870s)
   21450/26460  (1872s)
   21475/26460  (1874s)
   21500/26460  (1876s)
   21525/26460  (1880s)
   21550/26460  (1884s)
   21575/26460  (1888s)
   21600/26460  (1891s)
   21625/26460  (1894s)
   21650/26460  (1899s)
   21675/26460  (1899s)
   21700/26460  (1901s)
   21725/26460  (1901s)
   21750/26460  (1903s)
   21775/26460  (1903s)
   21800/26460  (1904s)
   21825/26460  (1906s)
   21850/26460  (1907s)
   21875/26460  (1907s)
   21900/26460  (1908s)
   21925/26460  (1909s)
   21950/26460  (1910s)
   21975/26460  (1911s)
   22000/26460  (1913s)
   22025/26460  (1914s)
   22050/26460  (1916s)
   22075/26460  (1917s)
   22100/26460  (1918s)
   22125/26460  (1920s)
   22150/26460  (1921s)
   22175/26460  (1923s)
   22200/26460  (1924s)
   22225/26460  (1927s)
   22250/26460  (1929s)
   22275/26460  (1931s)
   22300/26460  (1934s)
   22325/26460  (1937s)
   22350/26460  (1940s)
   22375/26460  (1941s)
   22400/26460  (1942s)
   22425/26460  (1943s)
   22450/26460  (1944s)
   22475/26460  (1945s)
   22500/26460  (1947s)
   22525/26460  (1949s)
   22550/26460  (1952s)
   22575/26460  (1953s)
   22600/26460  (1958s)
   22625/26460  (1963s)
   22650/26460  (1966s)
   22675/26460  (1968s)
   22700/26460  (1971s)
   22725/26460  (1973s)
   22750/26460  (1974s)
   22775/26460  (1976s)
   22800/26460  (1980s)
   22825/26460  (1982s)
   22850/26460  (1984s)
   22875/26460  (1986s)
   22900/26460  (1989s)
   22925/26460  (1994s)
   22950/26460  (1996s)
   22975/26460  (1999s)
   23000/26460  (2001s)
   23025/26460  (2004s)
   23050/26460  (2006s)
   23075/26460  (2007s)
   23100/26460  (2009s)
   23125/26460  (2010s)
   23150/26460  (2012s)
   23175/26460  (2014s)
   23200/26460  (2017s)
   23225/26460  (2020s)
   23250/26460  (2022s)
   23275/26460  (2025s)
   23300/26460  (2028s)
   23325/26460  (2029s)
   23350/26460  (2031s)
   23375/26460  (2032s)
   23400/26460  (2034s)
   23425/26460  (2036s)
   23450/26460  (2039s)
   23475/26460  (2041s)
   23500/26460  (2042s)
   23525/26460  (2043s)
   23550/26460  (2046s)
   23575/26460  (2048s)
   23600/26460  (2050s)
   23625/26460  (2052s)
   23650/26460  (2054s)
   23675/26460  (2056s)
   23700/26460  (2058s)
   23725/26460  (2061s)
   23750/26460  (2062s)
   23775/26460  (2064s)
   23800/26460  (2065s)
   23825/26460  (2066s)
   23850/26460  (2069s)
   23875/26460  (2070s)
   23900/26460  (2072s)
   23925/26460  (2074s)
   23950/26460  (2076s)
   23975/26460  (2078s)
   24000/26460  (2080s)
   24025/26460  (2082s)
   24050/26460  (2083s)
   24075/26460  (2085s)
   24100/26460  (2088s)
   24125/26460  (2091s)
   24150/26460  (2093s)
   24175/26460  (2095s)
   24200/26460  (2096s)
   24225/26460  (2099s)
   24250/26460  (2102s)
   24275/26460  (2103s)
   24300/26460  (2105s)
   24325/26460  (2107s)
   24350/26460  (2110s)
   24375/26460  (2111s)
   24400/26460  (2113s)
   24425/26460  (2115s)
   24450/26460  (2117s)
   24475/26460  (2119s)
   24500/26460  (2121s)
   24525/26460  (2123s)
   24550/26460  (2124s)
   24575/26460  (2125s)
   24600/26460  (2127s)
   24625/26460  (2128s)
   24650/26460  (2129s)
   24675/26460  (2130s)
   24700/26460  (2131s)
   24725/26460  (2132s)
   24750/26460  (2133s)
   24775/26460  (2135s)
   24800/26460  (2136s)
   24825/26460  (2137s)
   24850/26460  (2138s)
   24875/26460  (2140s)
   24900/26460  (2141s)
   24925/26460  (2142s)
   24950/26460  (2143s)
   24975/26460  (2145s)
   25000/26460  (2147s)
   25025/26460  (2149s)
   25050/26460  (2151s)
   25075/26460  (2154s)
   25100/26460  (2155s)
   25125/26460  (2157s)
   25150/26460  (2159s)
   25175/26460  (2161s)
   25200/26460  (2162s)
   25225/26460  (2163s)
   25250/26460  (2164s)
   25275/26460  (2165s)
   25300/26460  (2168s)
   25325/26460  (2169s)
   25350/26460  (2171s)
   25375/26460  (2173s)
   25400/26460  (2176s)
   25425/26460  (2180s)
   25450/26460  (2184s)
   25475/26460  (2185s)
   25500/26460  (2186s)
   25525/26460  (2188s)
   25550/26460  (2190s)
   25575/26460  (2192s)
   25600/26460  (2196s)
   25625/26460  (2198s)
   25650/26460  (2200s)
   25675/26460  (2203s)
   25700/26460  (2205s)
   25725/26460  (2208s)
   25750/26460  (2211s)
   25775/26460  (2213s)
   25800/26460  (2215s)
   25825/26460  (2218s)
   25850/26460  (2220s)
   25875/26460  (2222s)
   25900/26460  (2223s)
   25925/26460  (2225s)
   25950/26460  (2226s)
   25975/26460  (2227s)
   26000/26460  (2228s)
   26025/26460  (2229s)
   26050/26460  (2231s)
   26075/26460  (2233s)
   26100/26460  (2235s)
   26125/26460  (2236s)
   26150/26460  (2239s)
   26175/26460  (2242s)
   26200/26460  (2247s)
   26225/26460  (2253s)
   26250/26460  (2259s)
   26275/26460  (2262s)
   26300/26460  (2264s)
   26325/26460  (2268s)
   26350/26460  (2269s)
   26375/26460  (2272s)
   26400/26460  (2273s)
   26425/26460  (2277s)
   26450/26460  (2282s)
   26460/26460  (2288s)

Escrito sw_5v6.csv (26,460 filas, 2288s)
  white    15,891  (60.1%)
  black     9,566  (36.2%)
  draw        982  (3.7%)
  unknown      21  (0.1%)
