Barriendo 44,100 enfrentamientos, hasta 14 plies, 20000 ms cada uno.
Hilos: 8
      25/44100  (1s)
      50/44100  (2s)
      75/44100  (3s)
     100/44100  (4s)
     125/44100  (5s)
     150/44100  (6s)
     175/44100  (8s)
     200/44100  (8s)
     225/44100  (9s)
     250/44100  (10s)
     275/44100  (11s)
     300/44100  (12s)
     325/44100  (14s)
     350/44100  (15s)
     375/44100  (17s)
     400/44100  (18s)
     425/44100  (19s)
     450/44100  (20s)
     475/44100  (21s)
     500/44100  (23s)
     525/44100  (24s)
     550/44100  (25s)
     575/44100  (25s)
     600/44100  (26s)
     625/44100  (27s)
     650/44100  (28s)
     675/44100  (30s)
     700/44100  (33s)
     725/44100  (35s)
     750/44100  (38s)
     775/44100  (40s)
     800/44100  (42s)
     825/44100  (43s)
     850/44100  (45s)
     875/44100  (46s)
     900/44100  (46s)
     925/44100  (48s)
     950/44100  (49s)
     975/44100  (51s)
    1000/44100  (51s)
    1025/44100  (53s)
    1050/44100  (54s)
    1075/44100  (55s)
    1100/44100  (57s)
    1125/44100  (58s)
    1150/44100  (59s)
    1175/44100  (61s)
    1200/44100  (62s)
    1225/44100  (64s)
    1250/44100  (66s)
    1275/44100  (68s)
    1300/44100  (70s)
    1325/44100  (73s)
    1350/44100  (75s)
    1375/44100  (77s)
    1400/44100  (80s)
    1425/44100  (82s)
    1450/44100  (84s)
    1475/44100  (87s)
    1500/44100  (88s)
    1525/44100  (89s)
    1550/44100  (91s)
    1575/44100  (93s)
    1600/44100  (96s)
    1625/44100  (98s)
    1650/44100  (100s)
    1675/44100  (102s)
    1700/44100  (103s)
    1725/44100  (104s)
    1750/44100  (105s)
    1775/44100  (107s)
    1800/44100  (108s)
    1825/44100  (110s)
    1850/44100  (112s)
    1875/44100  (114s)
    1900/44100  (116s)
    1925/44100  (118s)
    1950/44100  (120s)
    1975/44100  (122s)
    2000/44100  (124s)
    2025/44100  (125s)
    2050/44100  (127s)
    2075/44100  (128s)
    2100/44100  (129s)
    2125/44100  (130s)
    2150/44100  (131s)
    2175/44100  (132s)
    2200/44100  (133s)
    2225/44100  (134s)
    2250/44100  (135s)
    2275/44100  (138s)
    2300/44100  (141s)
    2325/44100  (144s)
    2350/44100  (150s)
    2375/44100  (155s)
    2400/44100  (158s)
    2425/44100  (161s)
    2450/44100  (165s)
    2475/44100  (167s)
    2500/44100  (171s)
    2525/44100  (174s)
    2550/44100  (177s)
    2575/44100  (179s)
    2600/44100  (181s)
    2625/44100  (183s)
    2650/44100  (186s)
    2675/44100  (189s)
    2700/44100  (191s)
    2725/44100  (193s)
    2750/44100  (194s)
    2775/44100  (197s)
    2800/44100  (199s)
    2825/44100  (200s)
    2850/44100  (201s)
    2875/44100  (203s)
    2900/44100  (204s)
    2925/44100  (205s)
    2950/44100  (208s)
    2975/44100  (212s)
    3000/44100  (216s)
    3025/44100  (221s)
    3050/44100  (225s)
    3075/44100  (228s)
    3100/44100  (230s)
    3125/44100  (235s)
    3150/44100  (239s)
    3175/44100  (240s)
    3200/44100  (245s)
    3225/44100  (248s)
    3250/44100  (253s)
    3275/44100  (256s)
    3300/44100  (258s)
    3325/44100  (260s)
    3350/44100  (262s)
    3375/44100  (265s)
    3400/44100  (269s)
    3425/44100  (272s)
    3450/44100  (274s)
    3475/44100  (276s)
    3500/44100  (279s)
    3525/44100  (282s)
    3550/44100  (284s)
    3575/44100  (288s)
    3600/44100  (292s)
    3625/44100  (294s)
    3650/44100  (296s)
    3675/44100  (298s)
    3700/44100  (299s)
    3725/44100  (302s)
    3750/44100  (306s)
    3775/44100  (307s)
    3800/44100  (309s)
    3825/44100  (310s)
    3850/44100  (312s)
    3875/44100  (314s)
    3900/44100  (315s)
    3925/44100  (316s)
    3950/44100  (317s)
    3975/44100  (318s)
    4000/44100  (320s)
    4025/44100  (321s)
    4050/44100  (324s)
    4075/44100  (325s)
    4100/44100  (327s)
    4125/44100  (328s)
    4150/44100  (331s)
    4175/44100  (333s)
    4200/44100  (334s)
    4225/44100  (336s)
    4250/44100  (337s)
    4275/44100  (337s)
    4300/44100  (339s)
    4325/44100  (341s)
    4350/44100  (342s)
    4375/44100  (343s)
    4400/44100  (344s)
    4425/44100  (345s)
    4450/44100  (346s)
    4475/44100  (347s)
    4500/44100  (349s)
    4525/44100  (350s)
    4550/44100  (353s)
    4575/44100  (356s)
    4600/44100  (359s)
    4625/44100  (361s)
    4650/44100  (363s)
    4675/44100  (365s)
    4700/44100  (367s)
    4725/44100  (369s)
    4750/44100  (370s)
    4775/44100  (372s)
    4800/44100  (375s)
    4825/44100  (376s)
    4850/44100  (378s)
    4875/44100  (380s)
    4900/44100  (381s)
    4925/44100  (383s)
    4950/44100  (387s)
    4975/44100  (388s)
    5000/44100  (390s)
    5025/44100  (392s)
    5050/44100  (393s)
    5075/44100  (395s)
    5100/44100  (398s)
    5125/44100  (399s)
    5150/44100  (400s)
    5175/44100  (402s)
    5200/44100  (405s)
    5225/44100  (408s)
    5250/44100  (410s)
    5275/44100  (414s)
    5300/44100  (416s)
    5325/44100  (418s)
    5350/44100  (422s)
    5375/44100  (426s)
    5400/44100  (427s)
    5425/44100  (429s)
    5450/44100  (431s)
    5475/44100  (432s)
    5500/44100  (434s)
    5525/44100  (437s)
    5550/44100  (438s)
    5575/44100  (440s)
    5600/44100  (441s)
    5625/44100  (443s)
    5650/44100  (445s)
    5675/44100  (448s)
    5700/44100  (452s)
    5725/44100  (456s)
    5750/44100  (459s)
    5775/44100  (461s)
    5800/44100  (465s)
    5825/44100  (467s)
    5850/44100  (471s)
    5875/44100  (475s)
    5900/44100  (479s)
    5925/44100  (482s)
    5950/44100  (486s)
    5975/44100  (491s)
    6000/44100  (495s)
    6025/44100  (497s)
    6050/44100  (500s)
    6075/44100  (504s)
    6100/44100  (507s)
    6125/44100  (510s)
    6150/44100  (514s)
    6175/44100  (517s)
    6200/44100  (521s)
    6225/44100  (529s)
    6250/44100  (531s)
    6275/44100  (535s)
    6300/44100  (538s)
    6325/44100  (541s)
    6350/44100  (546s)
    6375/44100  (548s)
    6400/44100  (551s)
    6425/44100  (552s)
    6450/44100  (555s)
    6475/44100  (560s)
    6500/44100  (563s)
    6525/44100  (567s)
    6550/44100  (571s)
    6575/44100  (573s)
    6600/44100  (576s)
    6625/44100  (577s)
    6650/44100  (579s)
    6675/44100  (581s)
    6700/44100  (583s)
    6725/44100  (585s)
    6750/44100  (590s)
    6775/44100  (593s)
    6800/44100  (599s)
    6825/44100  (603s)
    6850/44100  (605s)
    6875/44100  (608s)
    6900/44100  (615s)
    6925/44100  (619s)
    6950/44100  (623s)
    6975/44100  (626s)
    7000/44100  (630s)
    7025/44100  (635s)
    7050/44100  (638s)
    7075/44100  (639s)
    7100/44100  (642s)
    7125/44100  (647s)
    7150/44100  (650s)
    7175/44100  (656s)
    7200/44100  (660s)
    7225/44100  (667s)
    7250/44100  (672s)
    7275/44100  (677s)
    7300/44100  (678s)
    7325/44100  (681s)
    7350/44100  (684s)
    7375/44100  (687s)
    7400/44100  (691s)
    7425/44100  (693s)
    7450/44100  (699s)
    7475/44100  (702s)
    7500/44100  (704s)
    7525/44100  (708s)
    7550/44100  (711s)
    7575/44100  (718s)
    7600/44100  (722s)
    7625/44100  (725s)
    7650/44100  (727s)
    7675/44100  (730s)
    7700/44100  (734s)
    7725/44100  (737s)
    7750/44100  (740s)
    7775/44100  (744s)
    7800/44100  (746s)
    7825/44100  (748s)
    7850/44100  (750s)
    7875/44100  (752s)
    7900/44100  (755s)
    7925/44100  (758s)
    7950/44100  (761s)
    7975/44100  (763s)
    8000/44100  (765s)
    8025/44100  (767s)
    8050/44100  (768s)
    8075/44100  (770s)
    8100/44100  (771s)
    8125/44100  (773s)
    8150/44100  (776s)
    8175/44100  (778s)
    8200/44100  (781s)
    8225/44100  (783s)
    8250/44100  (787s)
    8275/44100  (790s)
    8300/44100  (793s)
    8325/44100  (797s)
    8350/44100  (800s)
    8375/44100  (803s)
    8400/44100  (807s)
    8425/44100  (811s)
    8450/44100  (813s)
    8475/44100  (815s)
    8500/44100  (817s)
    8525/44100  (820s)
    8550/44100  (823s)
    8575/44100  (825s)
    8600/44100  (827s)
    8625/44100  (830s)
    8650/44100  (834s)
    8675/44100  (837s)
    8700/44100  (840s)
    8725/44100  (843s)
    8750/44100  (846s)
    8775/44100  (849s)
    8800/44100  (851s)
    8825/44100  (852s)
    8850/44100  (854s)
    8875/44100  (856s)
    8900/44100  (858s)
    8925/44100  (860s)
    8950/44100  (861s)
    8975/44100  (863s)
    9000/44100  (865s)
    9025/44100  (867s)
    9050/44100  (870s)
    9075/44100  (873s)
    9100/44100  (876s)
    9125/44100  (878s)
    9150/44100  (879s)
    9175/44100  (882s)
    9200/44100  (885s)
    9225/44100  (886s)
    9250/44100  (889s)
    9275/44100  (893s)
    9300/44100  (895s)
    9325/44100  (897s)
    9350/44100  (900s)
    9375/44100  (902s)
    9400/44100  (905s)
    9425/44100  (908s)
    9450/44100  (910s)
    9475/44100  (912s)
    9500/44100  (916s)
    9525/44100  (918s)
    9550/44100  (919s)
    9575/44100  (921s)
    9600/44100  (922s)
    9625/44100  (924s)
    9650/44100  (926s)
    9675/44100  (928s)
    9700/44100  (930s)
    9725/44100  (932s)
    9750/44100  (934s)
    9775/44100  (935s)
    9800/44100  (937s)
    9825/44100  (939s)
    9850/44100  (942s)
    9875/44100  (944s)
    9900/44100  (946s)
    9925/44100  (948s)
    9950/44100  (949s)
    9975/44100  (952s)
   10000/44100  (953s)
   10025/44100  (958s)
   10050/44100  (962s)
   10075/44100  (966s)
   10100/44100  (968s)
   10125/44100  (970s)
   10150/44100  (972s)
   10175/44100  (975s)
   10200/44100  (978s)
   10225/44100  (981s)
   10250/44100  (984s)
   10275/44100  (988s)
   10300/44100  (993s)
   10325/44100  (996s)
   10350/44100  (999s)
   10375/44100  (1001s)
   10400/44100  (1002s)
   10425/44100  (1004s)
   10450/44100  (1006s)
   10475/44100  (1008s)
   10500/44100  (1011s)
   10525/44100  (1013s)
   10550/44100  (1015s)
   10575/44100  (1018s)
   10600/44100  (1020s)
   10625/44100  (1022s)
   10650/44100  (1026s)
   10675/44100  (1028s)
   10700/44100  (1031s)
   10725/44100  (1032s)
   10750/44100  (1034s)
   10775/44100  (1037s)
   10800/44100  (1041s)
   10825/44100  (1044s)
   10850/44100  (1047s)
   10875/44100  (1051s)
   10900/44100  (1053s)
   10925/44100  (1055s)
   10950/44100  (1057s)
   10975/44100  (1059s)
   11000/44100  (1062s)
   11025/44100  (1065s)
   11050/44100  (1067s)
   11075/44100  (1072s)
   11100/44100  (1076s)
   11125/44100  (1084s)
   11150/44100  (1087s)
   11175/44100  (1090s)
   11200/44100  (1093s)
   11225/44100  (1095s)
   11250/44100  (1099s)
   11275/44100  (1104s)
   11300/44100  (1108s)
   11325/44100  (1113s)
   11350/44100  (1116s)
   11375/44100  (1120s)
   11400/44100  (1127s)
   11425/44100  (1133s)
   11450/44100  (1138s)
   11475/44100  (1142s)
   11500/44100  (1146s)
   11525/44100  (1148s)
   11550/44100  (1152s)
   11575/44100  (1157s)
   11600/44100  (1162s)
   11625/44100  (1166s)
   11650/44100  (1170s)
   11675/44100  (1176s)
   11700/44100  (1180s)
   11725/44100  (1184s)
   11750/44100  (1187s)
   11775/44100  (1190s)
   11800/44100  (1193s)
   11825/44100  (1194s)
   11850/44100  (1196s)
   11875/44100  (1197s)
   11900/44100  (1198s)
   11925/44100  (1200s)
   11950/44100  (1203s)
   11975/44100  (1204s)
   12000/44100  (1207s)
   12025/44100  (1210s)
   12050/44100  (1216s)
   12075/44100  (1220s)
   12100/44100  (1224s)
   12125/44100  (1231s)
   12150/44100  (1238s)
   12175/44100  (1241s)
   12200/44100  (1245s)
   12225/44100  (1250s)
   12250/44100  (1252s)
   12275/44100  (1253s)
   12300/44100  (1256s)
   12325/44100  (1260s)
   12350/44100  (1268s)
   12375/44100  (1277s)
   12400/44100  (1284s)
   12425/44100  (1291s)
   12450/44100  (1296s)
   12475/44100  (1304s)
   12500/44100  (1307s)
   12525/44100  (1317s)
   12550/44100  (1321s)
   12575/44100  (1325s)
   12600/44100  (1332s)
   12625/44100  (1339s)
   12650/44100  (1343s)
   12675/44100  (1347s)
   12700/44100  (1350s)
   12725/44100  (1356s)
   12750/44100  (1361s)
   12775/44100  (1363s)
   12800/44100  (1366s)
   12825/44100  (1371s)
   12850/44100  (1377s)
   12875/44100  (1385s)
   12900/44100  (1393s)
   12925/44100  (1398s)
   12950/44100  (1402s)
   12975/44100  (1406s)
   13000/44100  (1409s)
   13025/44100  (1410s)
   13050/44100  (1412s)
   13075/44100  (1413s)
   13100/44100  (1414s)
   13125/44100  (1416s)
   13150/44100  (1416s)
   13175/44100  (1419s)
   13200/44100  (1421s)
   13225/44100  (1425s)
   13250/44100  (1427s)
   13275/44100  (1430s)
   13300/44100  (1433s)
   13325/44100  (1434s)
   13350/44100  (1436s)
   13375/44100  (1439s)
   13400/44100  (1441s)
   13425/44100  (1442s)
   13450/44100  (1442s)
   13475/44100  (1444s)
   13500/44100  (1447s)
   13525/44100  (1450s)
   13550/44100  (1454s)
   13575/44100  (1456s)
   13600/44100  (1460s)
   13625/44100  (1468s)
   13650/44100  (1470s)
   13675/44100  (1473s)
   13700/44100  (1476s)
   13725/44100  (1480s)
   13750/44100  (1482s)
   13775/44100  (1487s)
   13800/44100  (1491s)
   13825/44100  (1497s)
   13850/44100  (1502s)
   13875/44100  (1505s)
   13900/44100  (1508s)
   13925/44100  (1512s)
   13950/44100  (1513s)
   13975/44100  (1515s)
   14000/44100  (1518s)
   14025/44100  (1520s)
   14050/44100  (1523s)
   14075/44100  (1526s)
   14100/44100  (1530s)
   14125/44100  (1535s)
   14150/44100  (1542s)
   14175/44100  (1545s)
   14200/44100  (1546s)
   14225/44100  (1547s)
   14250/44100  (1550s)
   14275/44100  (1553s)
   14300/44100  (1554s)
   14325/44100  (1556s)
   14350/44100  (1558s)
   14375/44100  (1560s)
   14400/44100  (1562s)
   14425/44100  (1563s)
   14450/44100  (1565s)
   14475/44100  (1567s)
   14500/44100  (1569s)
   14525/44100  (1572s)
   14550/44100  (1575s)
   14575/44100  (1579s)
   14600/44100  (1581s)
   14625/44100  (1583s)
   14650/44100  (1585s)
   14675/44100  (1587s)
   14700/44100  (1589s)
   14725/44100  (1591s)
   14750/44100  (1595s)
   14775/44100  (1598s)
   14800/44100  (1601s)
   14825/44100  (1606s)
   14850/44100  (1609s)
   14875/44100  (1610s)
   14900/44100  (1611s)
   14925/44100  (1612s)
   14950/44100  (1614s)
   14975/44100  (1616s)
   15000/44100  (1617s)
   15025/44100  (1621s)
   15050/44100  (1622s)
   15075/44100  (1623s)
   15100/44100  (1625s)
   15125/44100  (1629s)
   15150/44100  (1632s)
   15175/44100  (1635s)
   15200/44100  (1636s)
   15225/44100  (1637s)
   15250/44100  (1640s)
   15275/44100  (1642s)
   15300/44100  (1646s)
   15325/44100  (1647s)
   15350/44100  (1649s)
   15375/44100  (1650s)
   15400/44100  (1651s)
   15425/44100  (1652s)
   15450/44100  (1654s)
   15475/44100  (1655s)
   15500/44100  (1656s)
   15525/44100  (1657s)
   15550/44100  (1658s)
   15575/44100  (1659s)
   15600/44100  (1659s)
   15625/44100  (1660s)
   15650/44100  (1661s)
   15675/44100  (1661s)
   15700/44100  (1662s)
   15725/44100  (1663s)
   15750/44100  (1663s)
   15775/44100  (1664s)
   15800/44100  (1666s)
   15825/44100  (1668s)
   15850/44100  (1670s)
   15875/44100  (1672s)
   15900/44100  (1674s)
   15925/44100  (1676s)
   15950/44100  (1677s)
   15975/44100  (1679s)
   16000/44100  (1682s)
   16025/44100  (1684s)
   16050/44100  (1686s)
   16075/44100  (1689s)
   16100/44100  (1690s)
   16125/44100  (1691s)
   16150/44100  (1693s)
   16175/44100  (1695s)
   16200/44100  (1697s)
   16225/44100  (1698s)
   16250/44100  (1698s)
   16275/44100  (1699s)
   16300/44100  (1701s)
   16325/44100  (1704s)
   16350/44100  (1708s)
   16375/44100  (1710s)
   16400/44100  (1712s)
   16425/44100  (1714s)
   16450/44100  (1716s)
   16475/44100  (1716s)
   16500/44100  (1718s)
   16525/44100  (1719s)
   16550/44100  (1720s)
   16575/44100  (1722s)
   16600/44100  (1724s)
   16625/44100  (1725s)
   16650/44100  (1726s)
   16675/44100  (1727s)
   16700/44100  (1728s)
   16725/44100  (1730s)
   16750/44100  (1732s)
   16775/44100  (1735s)
   16800/44100  (1738s)
   16825/44100  (1739s)
   16850/44100  (1741s)
   16875/44100  (1742s)
   16900/44100  (1744s)
   16925/44100  (1746s)
   16950/44100  (1748s)
   16975/44100  (1751s)
   17000/44100  (1755s)
   17025/44100  (1757s)
   17050/44100  (1758s)
   17075/44100  (1762s)
   17100/44100  (1766s)
   17125/44100  (1769s)
   17150/44100  (1774s)
   17175/44100  (1779s)
   17200/44100  (1781s)
   17225/44100  (1782s)
   17250/44100  (1783s)
   17275/44100  (1783s)
   17300/44100  (1784s)
   17325/44100  (1784s)
   17350/44100  (1785s)
   17375/44100  (1786s)
   17400/44100  (1786s)
   17425/44100  (1787s)
   17450/44100  (1787s)
   17475/44100  (1788s)
   17500/44100  (1790s)
   17525/44100  (1791s)
   17550/44100  (1792s)
   17575/44100  (1793s)
   17600/44100  (1795s)
   17625/44100  (1796s)
   17650/44100  (1798s)
   17675/44100  (1799s)
   17700/44100  (1800s)
   17725/44100  (1802s)
   17750/44100  (1803s)
   17775/44100  (1804s)
   17800/44100  (1805s)
   17825/44100  (1805s)
   17850/44100  (1806s)
   17875/44100  (1807s)
   17900/44100  (1809s)
   17925/44100  (1811s)
   17950/44100  (1814s)
   17975/44100  (1818s)
   18000/44100  (1822s)
   18025/44100  (1824s)
   18050/44100  (1826s)
   18075/44100  (1830s)
   18100/44100  (1837s)
   18125/44100  (1844s)
   18150/44100  (1847s)
   18175/44100  (1852s)
   18200/44100  (1855s)
   18225/44100  (1859s)
   18250/44100  (1863s)
   18275/44100  (1865s)
   18300/44100  (1869s)
   18325/44100  (1872s)
   18350/44100  (1875s)
   18375/44100  (1877s)
   18400/44100  (1881s)
   18425/44100  (1884s)
   18450/44100  (1885s)
   18475/44100  (1890s)
   18500/44100  (1893s)
   18525/44100  (1895s)
   18550/44100  (1898s)
   18575/44100  (1899s)
   18600/44100  (1901s)
   18625/44100  (1903s)
   18650/44100  (1908s)
   18675/44100  (1909s)
   18700/44100  (1910s)
   18725/44100  (1912s)
   18750/44100  (1914s)
   18775/44100  (1915s)
   18800/44100  (1917s)
   18825/44100  (1918s)
   18850/44100  (1920s)
   18875/44100  (1920s)
   18900/44100  (1921s)
   18925/44100  (1922s)
   18950/44100  (1922s)
   18975/44100  (1923s)
   19000/44100  (1923s)
   19025/44100  (1925s)
   19050/44100  (1928s)
   19075/44100  (1929s)
   19100/44100  (1932s)
   19125/44100  (1936s)
   19150/44100  (1940s)
   19175/44100  (1941s)
   19200/44100  (1942s)
   19225/44100  (1944s)
   19250/44100  (1945s)
   19275/44100  (1948s)
   19300/44100  (1950s)
   19325/44100  (1955s)
   19350/44100  (1960s)
   19375/44100  (1962s)
   19400/44100  (1965s)
   19425/44100  (1969s)
   19450/44100  (1971s)
   19475/44100  (1973s)
   19500/44100  (1975s)
   19525/44100  (1977s)
   19550/44100  (1980s)
   19575/44100  (1982s)
   19600/44100  (1984s)
   19625/44100  (1988s)
   19650/44100  (1992s)
   19675/44100  (1994s)
   19700/44100  (1998s)
   19725/44100  (2000s)
   19750/44100  (2002s)
   19775/44100  (2004s)
   19800/44100  (2005s)
   19825/44100  (2007s)
   19850/44100  (2009s)
   19875/44100  (2011s)
   19900/44100  (2012s)
   19925/44100  (2013s)
   19950/44100  (2016s)
   19975/44100  (2017s)
   20000/44100  (2018s)
   20025/44100  (2019s)
   20050/44100  (2020s)
   20075/44100  (2021s)
   20100/44100  (2023s)
   20125/44100  (2024s)
   20150/44100  (2024s)
   20175/44100  (2025s)
   20200/44100  (2026s)
   20225/44100  (2028s)
   20250/44100  (2029s)
   20275/44100  (2030s)
   20300/44100  (2031s)
   20325/44100  (2032s)
   20350/44100  (2033s)
   20375/44100  (2033s)
   20400/44100  (2034s)
   20425/44100  (2034s)
   20450/44100  (2035s)
   20475/44100  (2036s)
   20500/44100  (2037s)
   20525/44100  (2037s)
   20550/44100  (2038s)
   20575/44100  (2039s)
   20600/44100  (2039s)
   20625/44100  (2040s)
   20650/44100  (2041s)
   20675/44100  (2042s)
   20700/44100  (2043s)
   20725/44100  (2045s)
   20750/44100  (2047s)
   20775/44100  (2049s)
   20800/44100  (2050s)
   20825/44100  (2051s)
   20850/44100  (2053s)
   20875/44100  (2054s)
   20900/44100  (2055s)
   20925/44100  (2056s)
   20950/44100  (2057s)
   20975/44100  (2060s)
   21000/44100  (2063s)
   21025/44100  (2067s)
   21050/44100  (2074s)
   21075/44100  (2082s)
   21100/44100  (2085s)
   21125/44100  (2090s)
   21150/44100  (2094s)
   21175/44100  (2099s)
   21200/44100  (2103s)
   21225/44100  (2108s)
   21250/44100  (2113s)
   21275/44100  (2114s)
   21300/44100  (2116s)
   21325/44100  (2119s)
   21350/44100  (2122s)
   21375/44100  (2127s)
   21400/44100  (2130s)
   21425/44100  (2132s)
   21450/44100  (2138s)
   21475/44100  (2143s)
   21500/44100  (2145s)
   21525/44100  (2147s)
   21550/44100  (2149s)
   21575/44100  (2153s)
   21600/44100  (2159s)
   21625/44100  (2162s)
   21650/44100  (2166s)
   21675/44100  (2169s)
   21700/44100  (2173s)
   21725/44100  (2176s)
   21750/44100  (2178s)
   21775/44100  (2179s)
   21800/44100  (2180s)
   21825/44100  (2182s)
   21850/44100  (2184s)
   21875/44100  (2186s)
   21900/44100  (2187s)
   21925/44100  (2188s)
   21950/44100  (2191s)
   21975/44100  (2192s)
   22000/44100  (2195s)
   22025/44100  (2197s)
   22050/44100  (2198s)
   22075/44100  (2200s)
   22100/44100  (2202s)
   22125/44100  (2204s)
   22150/44100  (2206s)
   22175/44100  (2207s)
   22200/44100  (2208s)
   22225/44100  (2209s)
   22250/44100  (2211s)
   22275/44100  (2212s)
   22300/44100  (2213s)
   22325/44100  (2213s)
   22350/44100  (2214s)
   22375/44100  (2215s)
   22400/44100  (2216s)
   22425/44100  (2217s)
   22450/44100  (2219s)
   22475/44100  (2220s)
   22500/44100  (2221s)
   22525/44100  (2222s)
   22550/44100  (2223s)
   22575/44100  (2223s)
   22600/44100  (2224s)
   22625/44100  (2225s)
   22650/44100  (2226s)
   22675/44100  (2227s)
   22700/44100  (2228s)
   22725/44100  (2228s)
   22750/44100  (2229s)
   22775/44100  (2230s)
   22800/44100  (2235s)
   22825/44100  (2238s)
   22850/44100  (2243s)
   22875/44100  (2245s)
   22900/44100  (2249s)
   22925/44100  (2253s)
   22950/44100  (2256s)
   22975/44100  (2262s)
   23000/44100  (2269s)
   23025/44100  (2277s)
   23050/44100  (2285s)
   23075/44100  (2294s)
   23100/44100  (2299s)
   23125/44100  (2302s)
   23150/44100  (2306s)
   23175/44100  (2313s)
   23200/44100  (2318s)
   23225/44100  (2324s)
   23250/44100  (2330s)
   23275/44100  (2337s)
   23300/44100  (2351s)
   23325/44100  (2359s)
   23350/44100  (2365s)
   23375/44100  (2368s)
   23400/44100  (2371s)
   23425/44100  (2378s)
   23450/44100  (2386s)
   23475/44100  (2393s)
   23500/44100  (2403s)
   23525/44100  (2414s)
   23550/44100  (2421s)
   23575/44100  (2424s)
   23600/44100  (2429s)
   23625/44100  (2433s)
   23650/44100  (2436s)
   23675/44100  (2441s)
   23700/44100  (2445s)
   23725/44100  (2453s)
   23750/44100  (2457s)
   23775/44100  (2469s)
   23800/44100  (2475s)
   23825/44100  (2483s)
   23850/44100  (2491s)
   23875/44100  (2498s)
   23900/44100  (2507s)
   23925/44100  (2510s)
   23950/44100  (2515s)
   23975/44100  (2521s)
   24000/44100  (2531s)
   24025/44100  (2536s)
   24050/44100  (2545s)
   24075/44100  (2549s)
   24100/44100  (2559s)
   24125/44100  (2567s)
   24150/44100  (2574s)
   24175/44100  (2581s)
   24200/44100  (2586s)
   24225/44100  (2592s)
   24250/44100  (2600s)
   24275/44100  (2606s)
   24300/44100  (2613s)
   24325/44100  (2618s)
   24350/44100  (2624s)
   24375/44100  (2630s)
   24400/44100  (2634s)
   24425/44100  (2641s)
   24450/44100  (2646s)
   24475/44100  (2653s)
   24500/44100  (2662s)
   24525/44100  (2670s)
   24550/44100  (2680s)
   24575/44100  (2687s)
   24600/44100  (2695s)
   24625/44100  (2700s)
   24650/44100  (2703s)
   24675/44100  (2715s)
   24700/44100  (2722s)
   24725/44100  (2727s)
   24750/44100  (2732s)
   24775/44100  (2741s)
   24800/44100  (2753s)
   24825/44100  (2761s)
   24850/44100  (2776s)
   24875/44100  (2793s)
   24900/44100  (2801s)
   24925/44100  (2809s)
   24950/44100  (2812s)
   24975/44100  (2819s)
   25000/44100  (2825s)
   25025/44100  (2834s)
   25050/44100  (2842s)
   25075/44100  (2848s)
   25100/44100  (2856s)
   25125/44100  (2860s)
   25150/44100  (2863s)
   25175/44100  (2866s)
   25200/44100  (2868s)
   25225/44100  (2873s)
   25250/44100  (2879s)
   25275/44100  (2886s)
   25300/44100  (2891s)
   25325/44100  (2898s)
   25350/44100  (2901s)
   25375/44100  (2903s)
   25400/44100  (2906s)
   25425/44100  (2909s)
   25450/44100  (2912s)
   25475/44100  (2915s)
   25500/44100  (2919s)
   25525/44100  (2923s)
   25550/44100  (2926s)
   25575/44100  (2931s)
   25600/44100  (2935s)
   25625/44100  (2937s)
   25650/44100  (2942s)
   25675/44100  (2946s)
   25700/44100  (2954s)
   25725/44100  (2963s)
   25750/44100  (2968s)
   25775/44100  (2974s)
   25800/44100  (2980s)
   25825/44100  (2986s)
   25850/44100  (2992s)
   25875/44100  (2996s)
   25900/44100  (3006s)
   25925/44100  (3013s)
   25950/44100  (3016s)
   25975/44100  (3019s)
   26000/44100  (3024s)
   26025/44100  (3027s)
   26050/44100  (3029s)
   26075/44100  (3031s)
   26100/44100  (3035s)
   26125/44100  (3038s)
   26150/44100  (3040s)
   26175/44100  (3042s)
   26200/44100  (3046s)
   26225/44100  (3048s)
   26250/44100  (3050s)
   26275/44100  (3051s)
   26300/44100  (3054s)
   26325/44100  (3056s)
   26350/44100  (3058s)
   26375/44100  (3060s)
   26400/44100  (3062s)
   26425/44100  (3064s)
   26450/44100  (3067s)
   26475/44100  (3068s)
   26500/44100  (3070s)
   26525/44100  (3073s)
   26550/44100  (3075s)
   26575/44100  (3079s)
   26600/44100  (3082s)
   26625/44100  (3085s)
   26650/44100  (3088s)
   26675/44100  (3090s)
   26700/44100  (3096s)
   26725/44100  (3097s)
   26750/44100  (3102s)
   26775/44100  (3106s)
   26800/44100  (3111s)
   26825/44100  (3114s)
   26850/44100  (3120s)
   26875/44100  (3123s)
   26900/44100  (3125s)
   26925/44100  (3130s)
   26950/44100  (3135s)
   26975/44100  (3139s)
   27000/44100  (3141s)
   27025/44100  (3143s)
   27050/44100  (3146s)
   27075/44100  (3149s)
   27100/44100  (3152s)
   27125/44100  (3156s)
   27150/44100  (3160s)
   27175/44100  (3163s)
   27200/44100  (3169s)
   27225/44100  (3175s)
   27250/44100  (3176s)
   27275/44100  (3178s)
   27300/44100  (3179s)
   27325/44100  (3180s)
   27350/44100  (3182s)
   27375/44100  (3184s)
   27400/44100  (3185s)
   27425/44100  (3186s)
   27450/44100  (3187s)
   27475/44100  (3188s)
   27500/44100  (3189s)
   27525/44100  (3191s)
   27550/44100  (3192s)
   27575/44100  (3193s)
   27600/44100  (3196s)
   27625/44100  (3198s)
   27650/44100  (3199s)
   27675/44100  (3205s)
   27700/44100  (3210s)
   27725/44100  (3213s)
   27750/44100  (3214s)
   27775/44100  (3216s)
   27800/44100  (3217s)
   27825/44100  (3219s)
   27850/44100  (3221s)
   27875/44100  (3225s)
   27900/44100  (3230s)
   27925/44100  (3233s)
   27950/44100  (3237s)
   27975/44100  (3240s)
   28000/44100  (3241s)
   28025/44100  (3243s)
   28050/44100  (3245s)
   28075/44100  (3246s)
   28100/44100  (3248s)
   28125/44100  (3250s)
   28150/44100  (3252s)
   28175/44100  (3254s)
   28200/44100  (3256s)
   28225/44100  (3258s)
   28250/44100  (3259s)
   28275/44100  (3261s)
   28300/44100  (3262s)
   28325/44100  (3264s)
   28350/44100  (3266s)
   28375/44100  (3268s)
   28400/44100  (3270s)
   28425/44100  (3271s)
   28450/44100  (3273s)
   28475/44100  (3275s)
   28500/44100  (3277s)
   28525/44100  (3278s)
   28550/44100  (3279s)
   28575/44100  (3281s)
   28600/44100  (3282s)
   28625/44100  (3284s)
   28650/44100  (3285s)
   28675/44100  (3287s)
   28700/44100  (3287s)
   28725/44100  (3288s)
   28750/44100  (3289s)
   28775/44100  (3289s)
   28800/44100  (3290s)
   28825/44100  (3291s)
   28850/44100  (3292s)
   28875/44100  (3293s)
   28900/44100  (3294s)
   28925/44100  (3295s)
   28950/44100  (3298s)
   28975/44100  (3299s)
   29000/44100  (3301s)
   29025/44100  (3303s)
   29050/44100  (3304s)
   29075/44100  (3305s)
   29100/44100  (3306s)
   29125/44100  (3308s)
   29150/44100  (3309s)
   29175/44100  (3310s)
   29200/44100  (3316s)
   29225/44100  (3319s)
   29250/44100  (3325s)
   29275/44100  (3328s)
   29300/44100  (3332s)
   29325/44100  (3338s)
   29350/44100  (3342s)
   29375/44100  (3346s)
   29400/44100  (3348s)
   29425/44100  (3351s)
   29450/44100  (3352s)
   29475/44100  (3354s)
   29500/44100  (3356s)
   29525/44100  (3358s)
   29550/44100  (3361s)
   29575/44100  (3364s)
   29600/44100  (3366s)
   29625/44100  (3368s)
   29650/44100  (3370s)
   29675/44100  (3372s)
   29700/44100  (3378s)
   29725/44100  (3381s)
   29750/44100  (3384s)
   29775/44100  (3389s)
   29800/44100  (3392s)
   29825/44100  (3395s)
   29850/44100  (3400s)
   29875/44100  (3404s)
   29900/44100  (3408s)
   29925/44100  (3412s)
   29950/44100  (3415s)
   29975/44100  (3418s)
   30000/44100  (3420s)
   30025/44100  (3424s)
   30050/44100  (3430s)
   30075/44100  (3434s)
   30100/44100  (3436s)
   30125/44100  (3440s)
   30150/44100  (3444s)
   30175/44100  (3446s)
   30200/44100  (3448s)
   30225/44100  (3454s)
   30250/44100  (3457s)
   30275/44100  (3460s)
   30300/44100  (3464s)
   30325/44100  (3470s)
   30350/44100  (3473s)
   30375/44100  (3475s)
   30400/44100  (3477s)
   30425/44100  (3480s)
   30450/44100  (3483s)
   30475/44100  (3487s)
   30500/44100  (3491s)
   30525/44100  (3496s)
   30550/44100  (3501s)
   30575/44100  (3505s)
   30600/44100  (3509s)
   30625/44100  (3513s)
   30650/44100  (3517s)
   30675/44100  (3520s)
   30700/44100  (3522s)
   30725/44100  (3524s)
   30750/44100  (3526s)
   30775/44100  (3529s)
   30800/44100  (3535s)
   30825/44100  (3539s)
   30850/44100  (3542s)
   30875/44100  (3547s)
   30900/44100  (3550s)
   30925/44100  (3552s)
   30950/44100  (3553s)
   30975/44100  (3555s)
   31000/44100  (3557s)
   31025/44100  (3559s)
   31050/44100  (3562s)
   31075/44100  (3565s)
   31100/44100  (3569s)
   31125/44100  (3572s)
   31150/44100  (3575s)
   31175/44100  (3578s)
   31200/44100  (3581s)
   31225/44100  (3584s)
   31250/44100  (3588s)
   31275/44100  (3589s)
   31300/44100  (3591s)
   31325/44100  (3593s)
   31350/44100  (3595s)
   31375/44100  (3597s)
   31400/44100  (3598s)
   31425/44100  (3600s)
   31450/44100  (3601s)
   31475/44100  (3603s)
   31500/44100  (3604s)
   31525/44100  (3606s)
   31550/44100  (3609s)
   31575/44100  (3611s)
   31600/44100  (3613s)
   31625/44100  (3616s)
   31650/44100  (3618s)
   31675/44100  (3621s)
   31700/44100  (3624s)
   31725/44100  (3626s)
   31750/44100  (3629s)
   31775/44100  (3630s)
   31800/44100  (3633s)
   31825/44100  (3635s)
   31850/44100  (3637s)
   31875/44100  (3638s)
   31900/44100  (3642s)
   31925/44100  (3645s)
   31950/44100  (3649s)
   31975/44100  (3654s)
   32000/44100  (3659s)
   32025/44100  (3665s)
   32050/44100  (3674s)
   32075/44100  (3675s)
   32100/44100  (3678s)
   32125/44100  (3681s)
   32150/44100  (3684s)
   32175/44100  (3686s)
   32200/44100  (3689s)
   32225/44100  (3696s)
   32250/44100  (3699s)
   32275/44100  (3700s)
   32300/44100  (3703s)
   32325/44100  (3704s)
   32350/44100  (3709s)
   32375/44100  (3710s)
   32400/44100  (3715s)
   32425/44100  (3724s)
   32450/44100  (3732s)
   32475/44100  (3735s)
   32500/44100  (3739s)
   32525/44100  (3746s)
   32550/44100  (3750s)
   32575/44100  (3760s)
   32600/44100  (3765s)
   32625/44100  (3766s)
   32650/44100  (3767s)
   32675/44100  (3769s)
   32700/44100  (3770s)
   32725/44100  (3772s)
   32750/44100  (3773s)
   32775/44100  (3774s)
   32800/44100  (3776s)
   32825/44100  (3777s)
   32850/44100  (3779s)
   32875/44100  (3781s)
   32900/44100  (3782s)
   32925/44100  (3783s)
   32950/44100  (3785s)
   32975/44100  (3786s)
   33000/44100  (3787s)
   33025/44100  (3788s)
   33050/44100  (3789s)
   33075/44100  (3791s)
   33100/44100  (3791s)
   33125/44100  (3792s)
   33150/44100  (3793s)
   33175/44100  (3794s)
   33200/44100  (3794s)
   33225/44100  (3795s)
   33250/44100  (3796s)
   33275/44100  (3796s)
   33300/44100  (3798s)
   33325/44100  (3799s)
   33350/44100  (3800s)
   33375/44100  (3801s)
   33400/44100  (3803s)
   33425/44100  (3805s)
   33450/44100  (3808s)
   33475/44100  (3812s)
   33500/44100  (3814s)
   33525/44100  (3817s)
   33550/44100  (3819s)
   33575/44100  (3821s)
   33600/44100  (3823s)
   33625/44100  (3826s)
   33650/44100  (3830s)
   33675/44100  (3832s)
   33700/44100  (3833s)
   33725/44100  (3834s)
   33750/44100  (3837s)
   33775/44100  (3839s)
   33800/44100  (3841s)
   33825/44100  (3843s)
   33850/44100  (3846s)
   33875/44100  (3850s)
   33900/44100  (3853s)
   33925/44100  (3855s)
   33950/44100  (3857s)
   33975/44100  (3860s)
   34000/44100  (3862s)
   34025/44100  (3868s)
   34050/44100  (3872s)
   34075/44100  (3880s)
   34100/44100  (3886s)
   34125/44100  (3891s)
   34150/44100  (3895s)
   34175/44100  (3899s)
   34200/44100  (3905s)
   34225/44100  (3909s)
   34250/44100  (3914s)
   34275/44100  (3921s)
   34300/44100  (3925s)
   34325/44100  (3928s)
   34350/44100  (3931s)
   34375/44100  (3936s)
   34400/44100  (3940s)
   34425/44100  (3945s)
   34450/44100  (3952s)
   34475/44100  (3957s)
   34500/44100  (3959s)
   34525/44100  (3963s)
   34550/44100  (3966s)
   34575/44100  (3969s)
   34600/44100  (3974s)
   34625/44100  (3979s)
   34650/44100  (3986s)
   34675/44100  (4001s)
   34700/44100  (4014s)
   34725/44100  (4026s)
   34750/44100  (4031s)
   34775/44100  (4042s)
   34800/44100  (4050s)
   34825/44100  (4056s)
   34850/44100  (4062s)
   34875/44100  (4068s)
   34900/44100  (4071s)
   34925/44100  (4074s)
   34950/44100  (4082s)
   34975/44100  (4087s)
   35000/44100  (4091s)
   35025/44100  (4094s)
   35050/44100  (4097s)
   35075/44100  (4101s)
   35100/44100  (4106s)
   35125/44100  (4109s)
   35150/44100  (4113s)
   35175/44100  (4116s)
   35200/44100  (4122s)
   35225/44100  (4125s)
   35250/44100  (4127s)
   35275/44100  (4130s)
   35300/44100  (4137s)
   35325/44100  (4142s)
   35350/44100  (4145s)
   35375/44100  (4148s)
   35400/44100  (4151s)
   35425/44100  (4158s)
   35450/44100  (4163s)
   35475/44100  (4167s)
   35500/44100  (4171s)
   35525/44100  (4174s)
   35550/44100  (4179s)
   35575/44100  (4181s)
   35600/44100  (4186s)
   35625/44100  (4195s)
   35650/44100  (4203s)
   35675/44100  (4210s)
   35700/44100  (4212s)
   35725/44100  (4216s)
   35750/44100  (4220s)
   35775/44100  (4225s)
   35800/44100  (4228s)
   35825/44100  (4233s)
   35850/44100  (4237s)
   35875/44100  (4242s)
   35900/44100  (4244s)
   35925/44100  (4248s)
   35950/44100  (4254s)
   35975/44100  (4259s)
   36000/44100  (4260s)
   36025/44100  (4264s)
   36050/44100  (4267s)
   36075/44100  (4270s)
   36100/44100  (4273s)
   36125/44100  (4275s)
   36150/44100  (4280s)
   36175/44100  (4287s)
   36200/44100  (4292s)
   36225/44100  (4295s)
   36250/44100  (4301s)
   36275/44100  (4308s)
   36300/44100  (4314s)
   36325/44100  (4317s)
   36350/44100  (4320s)
   36375/44100  (4328s)
   36400/44100  (4334s)
   36425/44100  (4340s)
   36450/44100  (4347s)
   36475/44100  (4352s)
   36500/44100  (4356s)
   36525/44100  (4362s)
   36550/44100  (4363s)
   36575/44100  (4366s)
   36600/44100  (4371s)
   36625/44100  (4376s)
   36650/44100  (4382s)
   36675/44100  (4388s)
   36700/44100  (4398s)
   36725/44100  (4402s)
   36750/44100  (4405s)
   36775/44100  (4409s)
   36800/44100  (4414s)
   36825/44100  (4420s)
   36850/44100  (4429s)
   36875/44100  (4436s)
   36900/44100  (4445s)
   36925/44100  (4448s)
   36950/44100  (4456s)
   36975/44100  (4462s)
   37000/44100  (4469s)
   37025/44100  (4473s)
   37050/44100  (4475s)
   37075/44100  (4479s)
   37100/44100  (4482s)
   37125/44100  (4486s)
   37150/44100  (4490s)
   37175/44100  (4492s)
   37200/44100  (4494s)
   37225/44100  (4497s)
   37250/44100  (4498s)
   37275/44100  (4500s)
   37300/44100  (4503s)
   37325/44100  (4505s)
   37350/44100  (4508s)
   37375/44100  (4512s)
   37400/44100  (4516s)
   37425/44100  (4520s)
   37450/44100  (4523s)
   37475/44100  (4525s)
   37500/44100  (4528s)
   37525/44100  (4530s)
   37550/44100  (4533s)
   37575/44100  (4534s)
   37600/44100  (4536s)
   37625/44100  (4538s)
   37650/44100  (4539s)
   37675/44100  (4541s)
   37700/44100  (4543s)
   37725/44100  (4543s)
   37750/44100  (4544s)
   37775/44100  (4545s)
   37800/44100  (4546s)
   37825/44100  (4547s)
   37850/44100  (4548s)
   37875/44100  (4548s)
   37900/44100  (4549s)
   37925/44100  (4550s)
   37950/44100  (4551s)
   37975/44100  (4553s)
   38000/44100  (4555s)
   38025/44100  (4556s)
   38050/44100  (4558s)
   38075/44100  (4560s)
   38100/44100  (4562s)
   38125/44100  (4563s)
   38150/44100  (4564s)
   38175/44100  (4566s)
   38200/44100  (4566s)
   38225/44100  (4568s)
   38250/44100  (4569s)
   38275/44100  (4571s)
   38300/44100  (4573s)
   38325/44100  (4575s)
   38350/44100  (4577s)
   38375/44100  (4578s)
   38400/44100  (4581s)
   38425/44100  (4584s)
   38450/44100  (4586s)
   38475/44100  (4588s)
   38500/44100  (4589s)
   38525/44100  (4593s)
   38550/44100  (4601s)
   38575/44100  (4604s)
   38600/44100  (4608s)
   38625/44100  (4615s)
   38650/44100  (4620s)
   38675/44100  (4624s)
   38700/44100  (4626s)
   38725/44100  (4628s)
   38750/44100  (4629s)
   38775/44100  (4632s)
   38800/44100  (4635s)
   38825/44100  (4640s)
   38850/44100  (4646s)
   38875/44100  (4652s)
   38900/44100  (4659s)
   38925/44100  (4663s)
   38950/44100  (4665s)
   38975/44100  (4669s)
   39000/44100  (4671s)
   39025/44100  (4674s)
   39050/44100  (4677s)
   39075/44100  (4678s)
   39100/44100  (4680s)
   39125/44100  (4682s)
   39150/44100  (4685s)
   39175/44100  (4687s)
   39200/44100  (4691s)
   39225/44100  (4695s)
   39250/44100  (4698s)
   39275/44100  (4703s)
   39300/44100  (4705s)
   39325/44100  (4708s)
   39350/44100  (4713s)
   39375/44100  (4719s)
   39400/44100  (4723s)
   39425/44100  (4726s)
   39450/44100  (4731s)
   39475/44100  (4733s)
   39500/44100  (4737s)
   39525/44100  (4738s)
   39550/44100  (4743s)
   39575/44100  (4748s)
   39600/44100  (4750s)
   39625/44100  (4751s)
   39650/44100  (4754s)
   39675/44100  (4756s)
   39700/44100  (4759s)
   39725/44100  (4762s)
   39750/44100  (4764s)
   39775/44100  (4766s)
   39800/44100  (4769s)
   39825/44100  (4772s)
   39850/44100  (4774s)
   39875/44100  (4778s)
   39900/44100  (4784s)
   39925/44100  (4795s)
   39950/44100  (4800s)
   39975/44100  (4808s)
   40000/44100  (4816s)
   40025/44100  (4820s)
   40050/44100  (4825s)
   40075/44100  (4829s)
   40100/44100  (4834s)
   40125/44100  (4837s)
   40150/44100  (4847s)
   40175/44100  (4853s)
   40200/44100  (4855s)
   40225/44100  (4857s)
   40250/44100  (4859s)
   40275/44100  (4860s)
   40300/44100  (4862s)
   40325/44100  (4864s)
   40350/44100  (4866s)
   40375/44100  (4867s)
   40400/44100  (4869s)
   40425/44100  (4871s)
   40450/44100  (4873s)
   40475/44100  (4877s)
   40500/44100  (4880s)
   40525/44100  (4882s)
   40550/44100  (4884s)
   40575/44100  (4886s)
   40600/44100  (4889s)
   40625/44100  (4892s)
   40650/44100  (4898s)
   40675/44100  (4903s)
   40700/44100  (4908s)
   40725/44100  (4911s)
   40750/44100  (4915s)
   40775/44100  (4920s)
   40800/44100  (4921s)
   40825/44100  (4924s)
   40850/44100  (4926s)
   40875/44100  (4929s)
   40900/44100  (4934s)
   40925/44100  (4937s)
   40950/44100  (4940s)
   40975/44100  (4943s)
   41000/44100  (4944s)
   41025/44100  (4946s)
   41050/44100  (4947s)
   41075/44100  (4950s)
   41100/44100  (4954s)
   41125/44100  (4961s)
   41150/44100  (4965s)
   41175/44100  (4972s)
   41200/44100  (4979s)
   41225/44100  (4983s)
   41250/44100  (4986s)
   41275/44100  (4992s)
   41300/44100  (4998s)
   41325/44100  (5007s)
   41350/44100  (5013s)
   41375/44100  (5020s)
   41400/44100  (5027s)
   41425/44100  (5037s)
   41450/44100  (5049s)
   41475/44100  (5054s)
   41500/44100  (5059s)
   41525/44100  (5064s)
   41550/44100  (5074s)
   41575/44100  (5080s)
   41600/44100  (5084s)
   41625/44100  (5088s)
   41650/44100  (5091s)
   41675/44100  (5092s)
   41700/44100  (5097s)
   41725/44100  (5100s)
   41750/44100  (5103s)
   41775/44100  (5112s)
   41800/44100  (5121s)
   41825/44100  (5127s)
   41850/44100  (5134s)
   41875/44100  (5137s)
   41900/44100  (5143s)
   41925/44100  (5149s)
   41950/44100  (5154s)
   41975/44100  (5162s)
   42000/44100  (5168s)
   42025/44100  (5174s)
   42050/44100  (5181s)
   42075/44100  (5190s)
   42100/44100  (5198s)
   42125/44100  (5204s)
   42150/44100  (5208s)
   42175/44100  (5213s)
   42200/44100  (5218s)
   42225/44100  (5220s)
   42250/44100  (5222s)
   42275/44100  (5224s)
   42300/44100  (5226s)
   42325/44100  (5232s)
   42350/44100  (5236s)
   42375/44100  (5240s)
   42400/44100  (5242s)
   42425/44100  (5245s)
   42450/44100  (5250s)
   42475/44100  (5253s)
   42500/44100  (5258s)
   42525/44100  (5263s)
   42550/44100  (5266s)
   42575/44100  (5274s)
   42600/44100  (5282s)
   42625/44100  (5288s)
   42650/44100  (5291s)
   42675/44100  (5294s)
   42700/44100  (5298s)
   42725/44100  (5300s)
   42750/44100  (5304s)
   42775/44100  (5308s)
   42800/44100  (5309s)
   42825/44100  (5312s)
   42850/44100  (5314s)
   42875/44100  (5316s)
   42900/44100  (5319s)
   42925/44100  (5324s)
   42950/44100  (5328s)
   42975/44100  (5332s)
   43000/44100  (5334s)
   43025/44100  (5339s)
   43050/44100  (5342s)
   43075/44100  (5343s)
   43100/44100  (5344s)
   43125/44100  (5346s)
   43150/44100  (5349s)
   43175/44100  (5354s)
   43200/44100  (5359s)
   43225/44100  (5362s)
   43250/44100  (5366s)
   43275/44100  (5372s)
   43300/44100  (5376s)
   43325/44100  (5379s)
   43350/44100  (5381s)
   43375/44100  (5383s)
   43400/44100  (5385s)
   43425/44100  (5389s)
   43450/44100  (5393s)
   43475/44100  (5398s)
   43500/44100  (5400s)
   43525/44100  (5402s)
   43550/44100  (5404s)
   43575/44100  (5405s)
   43600/44100  (5407s)
   43625/44100  (5409s)
   43650/44100  (5410s)
   43675/44100  (5413s)
   43700/44100  (5414s)
   43725/44100  (5415s)
   43750/44100  (5416s)
   43775/44100  (5417s)
   43800/44100  (5418s)
   43825/44100  (5419s)
   43850/44100  (5420s)
   43875/44100  (5421s)
   43900/44100  (5422s)
   43925/44100  (5422s)
   43950/44100  (5423s)
   43975/44100  (5426s)
   44000/44100  (5431s)
   44025/44100  (5437s)
   44050/44100  (5447s)
   44075/44100  (5463s)
   44100/44100  (5479s)

Escrito sw_6v6.csv (44,100 filas, 5479s)
  white    29,992  (68.0%)
  black    11,971  (27.1%)
  draw      1,989  (4.5%)
  unknown     148  (0.3%)
